   Compiling proc-macro2 v1.0.107
   Compiling quote v1.0.47
   Compiling unicode-ident v1.0.24
   Compiling libc v0.2.189
   Compiling ident_case v1.0.1
   Compiling strsim v0.11.1
   Compiling heck v0.5.0
   Compiling allocator-api2 v0.2.21
   Compiling cfg-if v1.0.4
   Compiling equivalent v1.0.2
   Compiling foldhash v0.2.0
   Compiling serde_core v1.0.229
   Compiling itoa v1.0.18
   Compiling unicode-segmentation v1.13.3
   Compiling rustversion v1.0.23
   Compiling fnv v1.0.7
   Compiling bitflags v2.13.1
   Compiling autocfg v1.5.1
   Compiling unicode-width v0.2.2
   Compiling thiserror v2.0.20
   Compiling either v1.18.0
   Compiling hashbrown v0.17.1
   Compiling hashbrown v0.16.1
   Compiling static_assertions v1.1.0
   Compiling parking_lot_core v0.9.12
   Compiling itertools v0.14.0
   Compiling signal-hook v0.3.18
   Compiling thiserror v1.0.69
   Compiling rustix v1.1.4
   Compiling num-traits v0.2.19
   Compiling instability v0.3.13
   Compiling ryu v1.0.23
   Compiling core-foundation-sys v0.8.7
   Compiling iana-time-zone v0.1.65
   Compiling lru v0.18.4
   Compiling convert_case v0.10.0
   Compiling smallvec v1.16.0
   Compiling zmij v1.0.23
   Compiling log v0.4.34
   Compiling unicode-truncate v2.0.1
   Compiling critical-section v1.2.0
   Compiling scopeguard v1.2.0
   Compiling serde v1.0.229
   Compiling indoc v2.0.7
   Compiling memchr v2.8.3
   Compiling siphasher v1.0.3
   Compiling phf_shared v0.12.1
   Compiling lock_api v0.4.14
   Compiling anyhow v1.0.104
   Compiling chrono-tz v0.10.4
   Compiling syn v2.0.119
   Compiling syn v3.0.5
   Compiling chrono v0.4.45
   Compiling num-conv v0.2.2
   Compiling deranged v0.5.8
   Compiling errno v0.3.14
   Compiling signal-hook-registry v1.4.8
   Compiling num_threads v0.1.7
   Compiling mio v1.2.3
   Compiling serde_json v1.0.151
   Compiling powerfmt v0.2.0
   Compiling time-core v0.1.9
   Compiling virtue v0.0.18
   Compiling litrs v1.0.0
   Compiling time v0.3.55
   Compiling signal-hook-mio v0.2.5
   Compiling castaway v0.2.4
   Compiling document-features v0.2.12
   Compiling bincode_derive v2.0.1
   Compiling phf v0.12.1
   Compiling line-clipping v0.3.8
   Compiling arrayvec v0.7.8
   Compiling base64 v0.22.1
   Compiling unty v0.0.4
   Compiling winnow v1.0.4
   Compiling getrandom v0.4.3
   Compiling vte v0.15.0
   Compiling darling_core v0.20.11
   Compiling darling_core v0.24.1
   Compiling parking_lot v0.12.5
   Compiling toml_writer v1.1.2+spec-1.1.0
   Compiling vt100 v0.16.2
   Compiling toml_datetime v0.7.5+spec-1.1.0
   Compiling toml_parser v1.1.3+spec-1.1.0
   Compiling serde_spanned v1.1.1
   Compiling indexmap v2.14.1
   Compiling winnow v0.7.15
   Compiling fastrand v2.5.0
   Compiling once_cell v1.21.4
   Compiling toml_datetime v1.1.1+spec-1.1.0
   Compiling compact_str v0.9.1
   Compiling toml_edit v0.25.13+spec-1.1.0
   Compiling thiserror-impl v2.0.20
   Compiling strum_macros v0.28.0
   Compiling thiserror-impl v1.0.69
   Compiling derive_more-impl v2.1.1
   Compiling strum_macros v0.27.2
   Compiling darling_macro v0.20.11
   Compiling serde_derive v1.0.229
   Compiling darling v0.20.11
   Compiling tempfile v3.27.0
   Compiling toml v0.9.12+spec-1.1.0
   Compiling darling_macro v0.24.1
   Compiling derive_more v2.1.1
   Compiling derive_builder_core v0.20.2
   Compiling darling v0.24.1
   Compiling strum v0.28.0
   Compiling strum v0.27.2
   Compiling derive_builder_macro v0.20.2
   Compiling kasuari v0.4.12
   Compiling derive_builder v0.20.2
   Compiling filedescriptor v0.8.3
   Compiling crossterm v0.29.0
   Compiling ratatui-core v0.1.2
   Compiling croner v3.0.1
   Compiling bincode v2.0.1
   Compiling ratatui-widgets v0.3.2
   Compiling ratatui-crossterm v0.1.2
   Compiling ovrcr-protocol v0.1.0 (/Users/xlyk/.superset/worktrees/ce516841-6a34-4a08-8d1f-cefa87725355/chartreuse-acai/crates/ovrcr-protocol)
   Compiling ratatui-macros v0.7.2
   Compiling ratatui v0.30.2
   Compiling ovrcr-terminal v0.1.0 (/Users/xlyk/.superset/worktrees/ce516841-6a34-4a08-8d1f-cefa87725355/chartreuse-acai/crates/ovrcr-terminal)
   Compiling ovrcr-tui v0.1.0 (/Users/xlyk/.superset/worktrees/ce516841-6a34-4a08-8d1f-cefa87725355/chartreuse-acai/crates/ovrcr-tui)
    Finished `test` profile [unoptimized + debuginfo] target(s) in 11.95s
     Running unittests src/lib.rs (target/debug/deps/ovrcr_tui-536e5659431ea8d1)

running 1 test
test dashboard::palette::launch_tests::successful_launch_preserves_symlinked_commented_settings ... FAILED

failures:

---- dashboard::palette::launch_tests::successful_launch_preserves_symlinked_commented_settings stdout ----

thread 'dashboard::palette::launch_tests::successful_launch_preserves_symlinked_commented_settings' (138392845) panicked at crates/ovrcr-tui/src/dashboard/palette.rs:3131:13:
assertion failed: std::fs::symlink_metadata(&path).unwrap().file_type().is_symlink()
note: run with `RUST_BACKTRACE=1` environment variable to display a backtrace


failures:
    dashboard::palette::launch_tests::successful_launch_preserves_symlinked_commented_settings

test result: FAILED. 0 passed; 1 failed; 0 ignored; 0 measured; 164 filtered out; finished in 0.01s

error: test failed, to rerun pass `-p ovrcr-tui --lib`
