$ cargo test -p ovrcr-protocol
   Compiling syn v3.0.5
   Compiling serde_derive v1.0.229
   Compiling serde v1.0.229
   Compiling bincode v2.0.1
   Compiling ovrcr-protocol v0.1.0 (/Users/xlyk/Code/ovrcr/.worktrees/ticket-97-omp-native/crates/ovrcr-protocol)
    Finished `test` profile [unoptimized + debuginfo] target(s) in 5.88s
     Running unittests src/lib.rs (/Users/xlyk/Code/ovrcr/target/debug/deps/ovrcr_protocol-6b908ea19b99ef24)

running 33 tests
test agent::tests::readiness_providers_are_codex_pi_and_omp_only ... ok
test agent::tests::effective_activity_is_waiting_input_while_any_request_is_open ... ok
test agent::tests::ready_observation_validates_for_every_readiness_provider ... ok
test client::tests::expect_ok_surfaces_server_error_with_code ... ok
test agent::tests::input_observation_rejects_overflow_and_duplicate_ids ... ok
test agent::tests::input_observation_validates_its_identity ... ok
test client::tests::peer_close_before_response_is_an_error ... ok
test codec::tests::oversized_frame_is_rejected_before_allocation ... ok
test codec::tests::request_round_trip_preserves_raw_bytes ... ok
test codec::tests::preamble_rejects_wrong_magic_and_version ... ok
test codec::tests::split_view_frames_round_trip ... ok
test codec::tests::preamble_round_trip ... ok
test client::tests::request_skips_events_and_foreign_ids ... ok
test codec::tests::split_view_validation_rejects_ambiguous_targets ... ok
test agent::tests::reviewed_observation_validates_identity_and_round_trips_request ... ok
test codec::tests::pause_resume_requests_round_trip ... ok
test codec::tests::agent_report_round_trip_and_redaction ... ok
test client::tests::list_returns_hierarchy_and_rejects_inventory ... ok
test codec::tests::appended_resource_requests_round_trip ... ok
test context::tests::context_claude_projection_rejects_checked_add_overflow ... ok
test context::tests::context_claude_projection ... ok
test context::tests::context_semantics ... ok
test context::tests::context_claude_projection_missing_components_are_unknown ... ok
test registry::tests::project_removal_rejects_recorded_workspaces ... ok
test registry::tests::registry_rejects_duplicate_projects_and_invalid_names ... ok
test codec::agent_foundation_red::agent_report_reservation_wire_contract ... ok
test context::tests::context_json_validation ... ok
test session::tests::response_ready_and_existing_activity_wire_spellings_round_trip ... ok
test wire::tests::validate_rejects_oversized_panes ... ok
test agent::tests::agent_report_all_variants_roundtrip_and_secret_redaction ... ok
test agent::tests::agent_report_validation_and_integer_boundaries ... ok
test wire::wire_snapshot::wire_encoding_matches_snapshot_for_protocol_version ... ok
test codec::tests::history_page_round_trip_and_size_bound ... ok

test result: ok. 33 passed; 0 failed; 0 ignored; 0 measured; 0 filtered out; finished in 0.01s

   Doc-tests ovrcr_protocol

running 0 tests

test result: ok. 0 passed; 0 failed; 0 ignored; 0 measured; 0 filtered out; finished in 0.00s

exit=0
