TAP version 13
# Subtest: session switches capture OMP's exact native file and ephemeral identity
ok 1 - session switches capture OMP's exact native file and ephemeral identity
  ---
  duration_ms: 385.151042
  type: 'test'
  ...
# Subtest: inert outside a managed invocation and outside the terminal UI
ok 2 - inert outside a managed invocation and outside the terminal UI
  ---
  duration_ms: 3.839375
  type: 'test'
  ...
# Subtest: registers OMP's lifecycle and switch events
ok 3 - registers OMP's lifecycle and switch events
  ---
  duration_ms: 1.830042
  type: 'test'
  ...
# Subtest: a switch names the conversation it left by id, never by its file path
ok 4 - a switch names the conversation it left by id, never by its file path
  ---
  duration_ms: 311.575458
  type: 'test'
  ...
# Subtest: a same-file reload is a switch that names the conversation it is already on
ok 5 - a same-file reload is a switch that names the conversation it is already on
  ---
  duration_ms: 317.607333
  type: 'test'
  ...
# Subtest: tree navigation invalidates the response cycle and carries only idleness
ok 6 - tree navigation invalidates the response cycle and carries only idleness
  ---
  duration_ms: 340.551916
  type: 'test'
  ...
# Subtest: the reattach command re-announces this producer once and says so
ok 7 - the reattach command re-announces this producer once and says so
  ---
  duration_ms: 322.4695
  type: 'test'
  ...
# Subtest: a print-mode reattach delivers nothing, spawns no helper, and says it is unavailable
ok 8 - a print-mode reattach delivers nothing, spawns no helper, and says it is unavailable
  ---
  duration_ms: 1.772625
  type: 'test'
  ...
# Subtest: an approval opens and closes one namespaced request and carries no reason
ok 9 - an approval opens and closes one namespaced request and carries no reason
  ---
  duration_ms: 329.559083
  type: 'test'
  ...
# Subtest: a denial closes the approval exactly as an allow does
ok 10 - a denial closes the approval exactly as an allow does
  ---
  duration_ms: 191.09025
  type: 'test'
  ...
# Subtest: an approval from another session id or with none emits nothing
ok 11 - an approval from another session id or with none emits nothing
  ---
  duration_ms: 1.6895
  type: 'test'
  ...
# Subtest: two approvals overlap: each frame carries its own tool call id
ok 12 - two approvals overlap: each frame carries its own tool call id
  ---
  duration_ms: 196.840291
  type: 'test'
  ...
# Subtest: the ask tool's lifetime is one question request keyed by its tool call id
ok 13 - the ask tool's lifetime is one question request keyed by its tool call id
  ---
  duration_ms: 180.1245
  type: 'test'
  ...
# Subtest: a tool that is not ask emits nothing
ok 14 - a tool that is not ask emits nothing
  ---
  duration_ms: 1.48175
  type: 'test'
  ...
# Subtest: an approval opened during a question keeps both requests and their order
ok 15 - an approval opened during a question keeps both requests and their order
  ---
  duration_ms: 348.148584
  type: 'test'
  ...
# Subtest: an end that failed, timed out or aborted still closes the question
ok 16 - an end that failed, timed out or aborted still closes the question
  ---
  duration_ms: 183.297125
  type: 'test'
  ...
# Subtest: an approval requested and resolved in one tick is delivered open before close
ok 17 - an approval requested and resolved in one tick is delivered open before close
  ---
  duration_ms: 187.595541
  type: 'test'
  ...
# Subtest: an ask execution that starts and ends in one tick is delivered open before close
ok 18 - an ask execution that starts and ends in one tick is delivered open before close
  ---
  duration_ms: 177.888417
  type: 'test'
  ...
# Subtest: a print-mode child emits no approval or question frames
ok 19 - a print-mode child emits no approval or question frames
  ---
  duration_ms: 1.2165
  type: 'test'
  ...
# Subtest: an end that will continue keeps the cycle open; the final end settles it as observed work
ok 20 - an end that will continue keeps the cycle open; the final end settles it as observed work
  ---
  duration_ms: 370.13475
  type: 'test'
  ...
# Subtest: error and aborted ends settle as error and aborted; no assistant message is none
ok 21 - error and aborted ends settle as error and aborted; no assistant message is none
  ---
  duration_ms: 322.826708
  type: 'test'
  ...
# Subtest: a tool error followed by a successful assistant response is a successful cycle
ok 22 - a tool error followed by a successful assistant response is a successful cycle
  ---
  duration_ms: 296.969917
  type: 'test'
  ...
# Subtest: an in-place session switch re-announces the conversation and closes any open cycle
ok 23 - an in-place session switch re-announces the conversation and closes any open cycle
  ---
  duration_ms: 342.663417
  type: 'test'
  ...
# Subtest: shutdown reports once with reason quit and disables
ok 24 - shutdown reports once with reason quit and disables
  ---
  duration_ms: 297.116209
  type: 'test'
  ...
# Subtest: a next start racing an un-awaited end opens a new cycle; the settled end keeps run 1
ok 25 - a next start racing an un-awaited end opens a new cycle; the settled end keeps run 1
  ---
  duration_ms: 343.746666
  type: 'test'
  ...
# Subtest: reports the current model from getModel and model_select
ok 26 - reports the current model from getModel and model_select
  ---
  duration_ms: 309.010416
  type: 'test'
  ...
# Subtest: a session switch re-announces the model for the new conversation
ok 27 - a session switch re-announces the model for the new conversation
  ---
  duration_ms: 335.050417
  type: 'test'
  ...
# Subtest: captures exact native history at each conversation boundary
ok 28 - captures exact native history at each conversation boundary
  ---
  duration_ms: 212.341833
  type: 'test'
  ...
# Subtest: inert outside a managed invocation: registers nothing
ok 29 - inert outside a managed invocation: registers nothing
  ---
  duration_ms: 2.11175
  type: 'test'
  ...
# Subtest: one response cycle: start, end, settled carry run, outcome and ordered sequence
ok 30 - one response cycle: start, end, settled carry run, outcome and ordered sequence
  ---
  duration_ms: 344.740292
  type: 'test'
  ...
# Subtest: error and aborted outcomes come from the last assistant message; a second run increments
ok 31 - error and aborted outcomes come from the last assistant message; a second run increments
  ---
  duration_ms: 353.488417
  type: 'test'
  ...
# Subtest: continuations inside one cycle keep the run; the last end before settled decides the outcome
ok 32 - continuations inside one cycle keep the run; the last end before settled decides the outcome
  ---
  duration_ms: 306.990583
  type: 'test'
  ...
# Subtest: non-tui modes never spawn a helper; shutdown reports once then disables
ok 33 - non-tui modes never spawn a helper; shutdown reports once then disables
  ---
  duration_ms: 292.970917
  type: 'test'
  ...
# Subtest: a print-mode shutdown drains nothing and spawns no helper
ok 34 - a print-mode shutdown drains nothing and spawns no helper
  ---
  duration_ms: 1.472875
  type: 'test'
  ...
# Subtest: a hung helper is killed at the deadline and the handler still resolves
ok 35 - a hung helper is killed at the deadline and the handler still resolves
  ---
  duration_ms: 902.889917
  type: 'test'
  ...
# Subtest: queue overflow disables reporting and sends one content-free unavailable notice
ok 36 - queue overflow disables reporting and sends one content-free unavailable notice
  ---
  duration_ms: 905.733625
  type: 'test'
  ...
# Subtest: a tool error followed by a successful assistant response is a successful cycle
ok 37 - a tool error followed by a successful assistant response is a successful cycle
  ---
  duration_ms: 326.649334
  type: 'test'
  ...
# Subtest: resume and fork announce the conversation without a cycle; a run whose last assistant errored is an error
ok 38 - resume and fork announce the conversation without a cycle; a run whose last assistant errored is an error
  ---
  duration_ms: 340.948958
  type: 'test'
  ...
# Subtest: an outer prompt span opens and closes one Input request; the title never leaves
ok 39 - an outer prompt span opens and closes one Input request; the title never leaves
  ---
  duration_ms: 337.484166
  type: 'test'
  ...
# Subtest: a prompt can open while no cycle is running and never touches the cycle
ok 40 - a prompt can open while no cycle is running and never touches the cycle
  ---
  duration_ms: 303.307166
  type: 'test'
  ...
# Subtest: a transition names the conversation it left by id, never by its file path
ok 41 - a transition names the conversation it left by id, never by its file path
  ---
  duration_ms: 330.687125
  type: 'test'
  ...
# Subtest: tree navigation invalidates the response cycle and carries only idleness
ok 42 - tree navigation invalidates the response cycle and carries only idleness
  ---
  duration_ms: 337.837166
  type: 'test'
  ...
# Subtest: the reattach command re-announces a disabled producer once and says so
ok 43 - the reattach command re-announces a disabled producer once and says so
  ---
  duration_ms: 316.3
  type: 'test'
  ...
# Subtest: a shutdown drain discards the queue and delivers only the final frame in one deadline
ok 44 - a shutdown drain discards the queue and delivers only the final frame in one deadline
  ---
  duration_ms: 312.171167
  type: 'test'
  ...
# Subtest: a replacement factory is a new instance that names the conversation it replaced
ok 45 - a replacement factory is a new instance that names the conversation it replaced
  ---
  duration_ms: 349.53
  type: 'test'
  ...
# Subtest: reports the current model from getModel and model_select
ok 46 - reports the current model from getModel and model_select
  ---
  duration_ms: 183.043833
  type: 'test'
  ...
# Subtest: omits model until the session reports one
ok 47 - omits model until the session reports one
  ---
  duration_ms: 178.088833
  type: 'test'
  ...
1..47
# tests 47
# suites 0
# pass 47
# fail 0
# cancelled 0
# skipped 0
# todo 0
# duration_ms 6690.047458
