rtk proxy sh scripts/gui.sh
   Compiling objc2-encode v4.1.0
   Compiling smallvec v1.16.0
   Compiling num-traits v0.2.19
   Compiling log v0.4.34
   Compiling objc2 v0.6.4
   Compiling once_cell v1.21.4
   Compiling cfg_aliases v0.2.2
   Compiling zerocopy v0.8.56
   Compiling objc-sys v0.3.5
   Compiling bytemuck_derive v1.12.0
   Compiling zerocopy-derive v0.8.56
   Compiling simd-adler32 v0.3.10
   Compiling polycool v0.4.0
   Compiling adler2 v2.0.1
   Compiling crc32fast v1.5.1
   Compiling parking_lot_core v0.9.12
   Compiling version_check v0.9.5
   Compiling uuid v1.26.0
   Compiling dispatch v0.2.0
   Compiling linebender_resource_handle v0.1.1
   Compiling miniz_oxide v0.9.1
   Compiling kurbo v0.13.1
   Compiling parking_lot v0.12.5
   Compiling ahash v0.8.12
   Compiling accesskit v0.24.1
   Compiling foreign-types-macros v0.2.4
   Compiling core-foundation v0.9.4
   Compiling unicode-general-category v1.1.0
   Compiling objc2 v0.5.2
   Compiling bitflags v1.3.2
   Compiling fearless_simd v0.4.1
   Compiling foreign-types-shared v0.3.1
   Compiling core-graphics-types v0.1.3
   Compiling winit v0.30.13
   Compiling foreign-types v0.5.0
   Compiling zune-core v0.5.3
   Compiling bytemuck v1.25.2
   Compiling raw-window-handle v0.6.2
   Compiling flate2 v1.1.10
   Compiling pin-project-lite v0.2.17
   Compiling tracing-core v0.1.36
   Compiling zune-jpeg v0.5.15
   Compiling fdeflate v0.3.7
   Compiling euclid v0.22.14
   Compiling chrono v0.4.45
   Compiling objc2-core-foundation v0.3.2
   Compiling block2 v0.5.1
   Compiling block2 v0.6.2
   Compiling tracing v0.1.44
   Compiling core-graphics v0.23.2
   Compiling guillotiere v0.7.0
   Compiling objc2-foundation v0.2.2
   Compiling miniz_oxide v0.8.9
   Compiling color v0.3.3
   Compiling font-types v0.12.4
   Compiling emath v0.36.1
   Compiling mio v1.2.3
   Compiling pxfm v0.1.30
   Compiling dpi v0.1.2
   Compiling weezl v0.1.12
   Compiling read-fonts v0.41.0
   Compiling peniko v0.6.1
   Compiling ecolor v0.36.1
   Compiling smol_str v0.2.2
   Compiling objc2-core-graphics v0.3.2
   Compiling objc2-foundation v0.3.2
   Compiling quick-error v2.0.1
   Compiling self_cell v1.3.0
   Compiling profiling v1.0.18
   Compiling nohash-hasher v0.2.0
   Compiling epaint_default_fonts v0.36.1
   Compiling fax v0.2.7
   Compiling cursor-icon v1.2.0
   Compiling chrono-tz v0.10.4
   Compiling croner v3.0.1
   Compiling signal-hook-mio v0.2.5
   Compiling png v0.18.1
   Compiling accesskit_consumer v0.38.0
   Compiling glutin v0.32.3
   Compiling itertools v0.15.0
   Compiling byteorder-lite v0.1.0
   Compiling crossterm v0.29.0
   Compiling vello_common v0.1.0
   Compiling dispatch2 v0.3.1
   Compiling glutin-winit v0.5.0
   Compiling cgl v0.3.2
   Compiling libloading v0.8.9
   Compiling web-time v1.1.0
   Compiling glow v0.17.0
   Compiling portable-pty v0.9.0
   Compiling ratatui-crossterm v0.1.2
   Compiling vello_cpu v0.1.0
   Compiling tempfile v3.27.0
   Compiling ratatui v0.30.2
   Compiling moxcms v0.8.1
   Compiling objc2-app-kit v0.2.2
   Compiling half v2.7.1
   Compiling objc2-app-kit v0.3.2
   Compiling tiff v0.11.3
   Compiling ovrcr-protocol v0.1.0 (/Users/xlyk/Code/ovrcr/.worktrees/issue-61-unread/crates/ovrcr-protocol)
   Compiling image v0.25.10
   Compiling skrifa v0.44.0
   Compiling harfrust v0.12.0
   Compiling accesskit_macos v0.26.3
   Compiling arboard v3.6.1
   Compiling accesskit_winit v0.32.2
   Compiling ovrcr-terminal v0.1.0 (/Users/xlyk/Code/ovrcr/.worktrees/issue-61-unread/crates/ovrcr-terminal)
   Compiling ovrcr-tui v0.1.0 (/Users/xlyk/Code/ovrcr/.worktrees/issue-61-unread/crates/ovrcr-tui)
   Compiling ovrcr-runtime v0.1.0 (/Users/xlyk/Code/ovrcr/.worktrees/issue-61-unread/crates/ovrcr-runtime)
   Compiling epaint v0.36.1
   Compiling egui v0.36.1
   Compiling egui_glow v0.36.1
   Compiling egui-winit v0.36.1
   Compiling eframe v0.36.1
   Compiling ovrcr v0.1.0 (/Users/xlyk/Code/ovrcr/.worktrees/issue-61-unread)
    Finished `dev` profile [unoptimized + debuginfo] target(s) in 15.98s
