    Checking bitflags v2.13.1
    Checking cfg-if v1.0.4
    Checking foldhash v0.2.0
    Checking allocator-api2 v0.2.21
    Checking equivalent v1.0.2
    Checking core-foundation-sys v0.8.7
    Checking objc2-encode v4.1.0
    Checking arrayvec v0.7.8
    Checking smallvec v1.16.0
    Checking libc v0.2.189
    Checking log v0.4.34
    Checking num-traits v0.2.19
    Checking bytemuck v1.25.2
    Checking itoa v1.0.18
    Checking thiserror v2.0.20
    Checking once_cell v1.21.4
    Checking serde_core v1.0.229
    Checking either v1.18.0
    Checking unicode-width v0.2.2
    Checking unicode-segmentation v1.13.3
    Checking scopeguard v1.2.0
    Checking siphasher v1.0.3
    Checking memchr v2.8.3
    Checking hashbrown v0.17.1
    Checking hashbrown v0.16.1
    Checking iana-time-zone v0.1.65
    Checking objc2 v0.6.4
    Checking zerocopy v0.8.56
    Checking lock_api v0.4.14
    Checking objc-sys v0.3.5
    Checking simd-adler32 v0.3.10
    Checking phf_shared v0.12.1
    Checking strum v0.27.2
    Checking thiserror v1.0.69
    Checking derive_builder v0.20.2
    Checking phf v0.12.1
    Checking objc2 v0.5.2
    Checking anyhow v1.0.104
    Checking zmij v1.0.23
    Checking chrono v0.4.45
    Checking polycool v0.4.0
    Checking adler2 v2.0.1
    Checking unty v0.0.4
    Checking static_assertions v1.1.0
    Checking castaway v0.2.4
    Checking errno v0.3.14
    Checking parking_lot_core v0.9.12
    Checking filedescriptor v0.8.3
    Checking kurbo v0.13.1
    Checking euclid v0.22.14
    Checking itertools v0.14.0
    Checking font-types v0.12.4
    Checking signal-hook-registry v1.4.8
    Checking rustix v1.1.4
    Checking color v0.3.3
    Checking parking_lot v0.12.5
    Checking ryu v1.0.23
    Checking signal-hook v0.3.18
    Checking linebender_resource_handle v0.1.1
    Checking dispatch v0.2.0
    Checking uuid v1.26.0
    Checking objc2-core-foundation v0.3.2
    Checking block2 v0.6.2
    Checking read-fonts v0.41.0
    Checking compact_str v0.9.1
    Checking guillotiere v0.7.0
    Checking block2 v0.5.1
    Checking accesskit v0.24.1
    Checking chrono-tz v0.10.4
    Checking croner v3.0.1
   Compiling convert_case v0.10.0
    Checking strum v0.28.0
    Checking peniko v0.6.1
    Checking objc2-foundation v0.2.2
    Checking miniz_oxide v0.9.1
    Checking kasuari v0.4.12
    Checking core-foundation v0.9.4
    Checking crc32fast v1.5.1
    Checking lru v0.18.4
    Checking vte v0.15.0
    Checking fearless_simd v0.4.1
    Checking bitflags v1.3.2
    Checking foreign-types-shared v0.3.1
    Checking serde v1.0.229
    Checking serde_json v1.0.151
    Checking critical-section v1.2.0
    Checking flate2 v1.1.10
    Checking core-graphics-types v0.1.3
    Checking foreign-types v0.5.0
    Checking unicode-truncate v2.0.1
    Checking vt100 v0.16.2
   Compiling derive_more-impl v2.1.1
    Checking mio v1.2.3
    Checking ratatui-core v0.1.2
    Checking num_threads v0.1.7
    Checking emath v0.36.1
    Checking zune-core v0.5.3
    Checking objc2-foundation v0.3.2
    Checking bincode v2.0.1
    Checking objc2-core-graphics v0.3.2
    Checking raw-window-handle v0.6.2
    Checking deranged v0.5.8
    Checking time-core v0.1.9
    Checking winnow v1.0.4
    Checking num-conv v0.2.2
    Checking powerfmt v0.2.0
    Checking pin-project-lite v0.2.17
    Checking tracing-core v0.1.36
    Checking derive_more v2.1.1
    Checking ecolor v0.36.1
    Checking toml_parser v1.1.3+spec-1.1.0
    Checking zune-jpeg v0.5.15
    Checking signal-hook-mio v0.2.5
    Checking core-graphics v0.23.2
    Checking unicode-general-category v1.1.0
    Checking toml_datetime v0.7.5+spec-1.1.0
    Checking tracing v0.1.44
    Checking serde_spanned v1.1.1
    Checking miniz_oxide v0.8.9
    Checking fdeflate v0.3.7
    Checking line-clipping v0.3.8
    Checking toml_writer v1.1.2+spec-1.1.0
    Checking time v0.3.55
    Checking self_cell v1.3.0
    Checking winnow v0.7.15
    Checking smol_str v0.2.2
    Checking epaint_default_fonts v0.36.1
    Checking base64 v0.22.1
    Checking weezl v0.1.12
    Checking cursor-icon v1.2.0
    Checking dpi v0.1.2
    Checking profiling v1.0.18
    Checking fax v0.2.7
    Checking quick-error v2.0.1
    Checking pxfm v0.1.30
    Checking nohash-hasher v0.2.0
    Checking half v2.7.1
    Checking ahash v0.8.12
    Checking png v0.18.1
    Checking crossterm v0.29.0
    Checking getrandom v0.4.3
    Checking accesskit_consumer v0.38.0
    Checking vello_common v0.1.0
    Checking itertools v0.15.0
    Checking fastrand v2.5.0
    Checking tiff v0.11.3
    Checking ratatui-widgets v0.3.2
    Checking utf8parse v0.2.2
    Checking byteorder-lite v0.1.0
    Checking objc2-app-kit v0.2.2
    Checking option-ext v0.2.0
    Checking dirs-sys v0.5.0
    Checking ratatui-crossterm v0.1.2
    Checking anstyle-parse v1.0.0
    Checking tempfile v3.27.0
    Checking nix v0.28.0
    Checking dispatch2 v0.3.1
    Checking serial2 v0.2.38
    Checking vello_cpu v0.1.0
    Checking toml v0.9.12+spec-1.1.0
    Checking cgl v0.3.2
    Checking libloading v0.8.9
    Checking objc2-app-kit v0.3.2
    Checking shell-words v1.1.1
    Checking downcast-rs v1.2.1
    Checking ratatui-macros v0.7.2
    Checking colorchoice v1.0.5
    Checking is_terminal_polyfill v1.70.2
    Checking anstyle v1.0.14
    Checking anstyle-query v1.1.5
    Checking ratatui v0.30.2
    Checking directories v6.0.0
    Checking glow v0.17.0
    Checking clap_lex v1.1.0
    Checking web-time v1.1.0
    Checking strsim v0.11.1
    Checking anstream v1.0.0
    Checking clap_builder v4.6.6
    Checking portable-pty v0.9.0
    Checking moxcms v0.8.1
    Checking ovrcr-protocol v0.1.0 (/Users/xlyk/Code/ovrcr/.worktrees/issue-61-unread/crates/ovrcr-protocol)
    Checking skrifa v0.44.0
    Checking harfrust v0.12.0
    Checking clap v4.6.6
    Checking glutin v0.32.3
    Checking winit v0.30.13
    Checking accesskit_macos v0.26.3
    Checking image v0.25.10
    Checking epaint v0.36.1
    Checking ovrcr-terminal v0.1.0 (/Users/xlyk/Code/ovrcr/.worktrees/issue-61-unread/crates/ovrcr-terminal)
    Checking accesskit_winit v0.32.2
    Checking glutin-winit v0.5.0
    Checking ovrcr-tui v0.1.0 (/Users/xlyk/Code/ovrcr/.worktrees/issue-61-unread/crates/ovrcr-tui)
    Checking ovrcr-runtime v0.1.0 (/Users/xlyk/Code/ovrcr/.worktrees/issue-61-unread/crates/ovrcr-runtime)
    Checking egui v0.36.1
    Checking arboard v3.6.1
    Checking egui-winit v0.36.1
    Checking egui_glow v0.36.1
    Checking eframe v0.36.1
    Checking ovrcr v0.1.0 (/Users/xlyk/Code/ovrcr/.worktrees/issue-61-unread)
    Finished `dev` profile [unoptimized + debuginfo] target(s) in 12.53s
