   Compiling libc v0.2.189
   Compiling cfg-if v1.0.4
   Compiling bitflags v2.13.1
   Compiling thiserror v1.0.69
   Compiling cfg_aliases v0.1.1
   Compiling arrayvec v0.7.8
   Compiling rustix v1.1.4
   Compiling thiserror-impl v1.0.69
   Compiling getrandom v0.4.3
   Compiling signal-hook v0.3.18
   Compiling winnow v1.0.4
   Compiling unicode-width v0.2.2
   Compiling option-ext v0.2.0
   Compiling ovrcr-protocol v0.1.0 (/Users/xlyk/Code/ovrcr/.worktrees/issue-61-unread/crates/ovrcr-protocol)
   Compiling toml_datetime v0.7.5+spec-1.1.0
   Compiling nix v0.28.0
   Compiling serde_spanned v1.1.1
   Compiling vte v0.15.0
   Compiling toml_writer v1.1.2+spec-1.1.0
   Compiling log v0.4.34
   Compiling fastrand v2.5.0
   Compiling vt100 v0.16.2
   Compiling toml_parser v1.1.3+spec-1.1.0
   Compiling once_cell v1.21.4
   Compiling winnow v0.7.15
   Compiling downcast-rs v1.2.1
   Compiling shell-words v1.1.1
   Compiling toml v0.9.12+spec-1.1.0
   Compiling ovrcr-terminal v0.1.0 (/Users/xlyk/Code/ovrcr/.worktrees/issue-61-unread/crates/ovrcr-terminal)
   Compiling errno v0.3.14
   Compiling dirs-sys v0.5.0
   Compiling serial2 v0.2.38
   Compiling filedescriptor v0.8.3
   Compiling directories v6.0.0
   Compiling signal-hook-registry v1.4.8
   Compiling portable-pty v0.9.0
   Compiling tempfile v3.27.0
   Compiling ovrcr-runtime v0.1.0 (/Users/xlyk/Code/ovrcr/.worktrees/issue-61-unread/crates/ovrcr-runtime)
    Finished `test` profile [unoptimized + debuginfo] target(s) in 5.48s
     Running unittests src/lib.rs (target/debug/deps/ovrcr_runtime-387c4bd08e9ed8e5)

running 1 test
agent reporting fixture owned pid/pgid=3144
agent reporting fixture cleaned pgid=3144
test server::tests::agent_reporting::response_ready_socket_snapshot_reconnect_and_revision_order ... ok

test result: ok. 1 passed; 0 failed; 0 ignored; 0 measured; 99 filtered out; finished in 0.01s

