   Compiling ovrcr v0.1.0 (/Users/xlyk/Code/ovrcr/.worktrees/issue-61-unread)
    Finished `test` profile [unoptimized + debuginfo] target(s) in 1.53s
     Running tests/server_lifecycle.rs (target/debug/deps/server_lifecycle-9cb885944ef19423)

running 2 tests
Initialized empty Git repository in /private/var/folders/j9/h6rlffxd1r794s9g9ps_52t40000gn/T/.tmppVsanS/repo/.git/
[main (root-commit) fa7ada7] initial
 1 file changed, 1 insertion(+)
 create mode 100644 README
ovrcr server starting for /var/folders/j9/h6rlffxd1r794s9g9ps_52t40000gn/T/.tmppVsanS/server.sock
ovrcr server listening on /var/folders/j9/h6rlffxd1r794s9g9ps_52t40000gn/T/.tmppVsanS/server.sock
ovrcr server stopped
ovrcr server starting for /var/folders/j9/h6rlffxd1r794s9g9ps_52t40000gn/T/.tmppVsanS/server.sock
ovrcr server listening on /var/folders/j9/h6rlffxd1r794s9g9ps_52t40000gn/T/.tmppVsanS/server.sock
ovrcr server stopped
test codex_unread_is_discarded_on_terminal_removal_and_server_restart ... ok
Initialized empty Git repository in /private/var/folders/j9/h6rlffxd1r794s9g9ps_52t40000gn/T/.tmpmqyCr0/repo/.git/
[main (root-commit) 43355f4] initial
 1 file changed, 1 insertion(+)
 create mode 100644 README
ovrcr server starting for /var/folders/j9/h6rlffxd1r794s9g9ps_52t40000gn/T/.tmpmqyCr0/server.sock
ovrcr server listening on /var/folders/j9/h6rlffxd1r794s9g9ps_52t40000gn/T/.tmpmqyCr0/server.sock
ovrcr server stopped
test codex_unread_real_cli_and_dashboard_review_preserve_native_reporting ... ok

test result: ok. 2 passed; 0 failed; 0 ignored; 0 measured; 90 filtered out; finished in 3.21s

