   Compiling proc-macro2 v1.0.107
   Compiling unicode-ident v1.0.24
   Compiling quote v1.0.47
   Compiling libc v0.2.189
    Checking bitflags v2.13.1
    Checking cfg-if v1.0.4
   Compiling autocfg v1.5.1
   Compiling num-traits v0.2.19
   Compiling strsim v0.11.1
   Compiling syn v3.0.5
   Compiling syn v2.0.119
   Compiling ident_case v1.0.1
    Checking allocator-api2 v0.2.21
   Compiling heck v0.5.0
    Checking core-foundation-sys v0.8.7
    Checking foldhash v0.2.0
    Checking equivalent v1.0.2
    Checking objc2-encode v4.1.0
    Checking arrayvec v0.7.8
   Compiling thiserror v2.0.20
    Checking smallvec v1.16.0
    Checking log v0.4.34
   Compiling serde_core v1.0.229
    Checking itoa v1.0.18
   Compiling fnv v1.0.7
    Checking once_cell v1.21.4
    Checking hashbrown v0.17.1
   Compiling darling_core v0.20.11
    Checking either v1.18.0
    Checking hashbrown v0.16.1
   Compiling bytemuck_derive v1.12.0
   Compiling thiserror-impl v2.0.20
    Checking unicode-segmentation v1.13.3
   Compiling parking_lot_core v0.9.12
   Compiling darling_macro v0.20.11
   Compiling objc2 v0.6.4
    Checking unicode-width v0.2.2
    Checking bytemuck v1.25.2
   Compiling darling v0.20.11
    Checking errno v0.3.14
   Compiling cfg_aliases v0.2.2
   Compiling zerocopy v0.8.56
    Checking scopeguard v1.2.0
   Compiling objc-sys v0.3.5
    Checking lock_api v0.4.14
   Compiling derive_builder_core v0.20.2
   Compiling zerocopy-derive v0.8.56
    Checking iana-time-zone v0.1.65
   Compiling rustversion v1.0.23
   Compiling thiserror v1.0.69
    Checking memchr v2.8.3
   Compiling serde v1.0.229
   Compiling zmij v1.0.23
    Checking siphasher v1.0.3
   Compiling anyhow v1.0.104
    Checking phf_shared v0.12.1
    Checking chrono v0.4.45
   Compiling derive_builder_macro v0.20.2
    Checking parking_lot v0.12.5
   Compiling thiserror-impl v1.0.69
   Compiling strum_macros v0.27.2
   Compiling serde_derive v1.0.229
   Compiling virtue v0.0.18
   Compiling serde_json v1.0.151
   Compiling rustix v1.1.4
   Compiling signal-hook v0.3.18
    Checking simd-adler32 v0.3.10
   Compiling chrono-tz v0.10.4
    Checking strum v0.27.2
   Compiling bincode_derive v2.0.1
    Checking derive_builder v0.20.2
    Checking objc2 v0.5.2
    Checking phf v0.12.1
    Checking signal-hook-registry v1.4.8
   Compiling darling_core v0.24.1
    Checking polycool v0.4.0
   Compiling crc32fast v1.5.1
    Checking static_assertions v1.1.0
    Checking adler2 v2.0.1
    Checking unty v0.0.4
    Checking kurbo v0.13.1
    Checking bincode v2.0.1
    Checking croner v3.0.1
    Checking block2 v0.5.1
    Checking castaway v0.2.4
    Checking filedescriptor v0.8.3
    Checking objc2-core-foundation v0.3.2
   Compiling darling_macro v0.24.1
    Checking font-types v0.12.4
    Checking color v0.3.3
   Compiling strum_macros v0.28.0
    Checking itertools v0.14.0
    Checking euclid v0.22.14
   Compiling version_check v0.9.5
    Checking dispatch v0.2.0
    Checking uuid v1.26.0
    Checking linebender_resource_handle v0.1.1
   Compiling instability v0.3.13
    Checking ryu v1.0.23
    Checking compact_str v0.9.1
    Checking strum v0.28.0
    Checking peniko v0.6.1
    Checking accesskit v0.24.1
   Compiling convert_case v0.10.0
    Checking objc2-foundation v0.2.2
    Checking unicode-truncate v2.0.1
   Compiling ahash v0.8.12
    Checking guillotiere v0.7.0
    Checking read-fonts v0.41.0
   Compiling darling v0.24.1
    Checking miniz_oxide v0.9.1
    Checking vte v0.15.0
    Checking block2 v0.6.2
    Checking kasuari v0.4.12
   Compiling foreign-types-macros v0.2.4
    Checking lru v0.18.4
    Checking core-foundation v0.9.4
    Checking bitflags v1.3.2
   Compiling unicode-general-category v1.1.0
    Checking critical-section v1.2.0
    Checking foreign-types-shared v0.3.1
    Checking fearless_simd v0.4.1
   Compiling indoc v2.0.7
   Compiling litrs v1.0.0
    Checking objc2-app-kit v0.2.2
   Compiling document-features v0.2.12
    Checking vello_common v0.1.0
    Checking foreign-types v0.5.0
    Checking ratatui-core v0.1.2
    Checking core-graphics-types v0.1.3
    Checking objc2-foundation v0.3.2
    Checking vt100 v0.16.2
    Checking flate2 v1.1.10
    Checking ovrcr-protocol v0.1.0 (/Users/xlyk/Code/ovrcr/.worktrees/issue-58-ready-install/crates/ovrcr-protocol)
   Compiling derive_more-impl v2.1.1
    Checking objc2-core-graphics v0.3.2
   Compiling winit v0.30.13
    Checking emath v0.36.1
    Checking mio v1.2.3
    Checking num_threads v0.1.7
    Checking pin-project-lite v0.2.17
    Checking num-conv v0.2.2
   Compiling cfg_aliases v0.1.1
    Checking raw-window-handle v0.6.2
    Checking winnow v1.0.4
    Checking powerfmt v0.2.0
    Checking time-core v0.1.9
    Checking deranged v0.5.8
   Compiling getrandom v0.4.3
    Checking zune-core v0.5.3
    Checking tracing-core v0.1.36
    Checking zune-jpeg v0.5.15
    Checking tracing v0.1.44
    Checking objc2-app-kit v0.3.2
    Checking toml_parser v1.1.3+spec-1.1.0
   Compiling nix v0.28.0
    Checking time v0.3.55
    Checking signal-hook-mio v0.2.5
    Checking ecolor v0.36.1
    Checking derive_more v2.1.1
    Checking core-graphics v0.23.2
    Checking harfrust v0.12.0
    Checking skrifa v0.44.0
    Checking vello_cpu v0.1.0
    Checking miniz_oxide v0.8.9
    Checking half v2.7.1
    Checking fdeflate v0.3.7
    Checking serde_spanned v1.1.1
    Checking toml_datetime v0.7.5+spec-1.1.0
    Checking line-clipping v0.3.8
    Checking weezl v0.1.12
    Checking self_cell v1.3.0
    Checking base64 v0.22.1
    Checking toml_writer v1.1.2+spec-1.1.0
    Checking pxfm v0.1.30
    Checking cursor-icon v1.2.0
    Checking smol_str v0.2.2
    Checking fax v0.2.7
    Checking epaint_default_fonts v0.36.1
    Checking dpi v0.1.2
    Checking nohash-hasher v0.2.0
    Checking winnow v0.7.15
    Checking profiling v1.0.18
    Checking quick-error v2.0.1
    Checking tiff v0.11.3
    Checking epaint v0.36.1
    Checking toml v0.9.12+spec-1.1.0
    Checking crossterm v0.29.0
    Checking moxcms v0.8.1
    Checking ratatui-widgets v0.3.2
    Checking png v0.18.1
    Checking ovrcr-terminal v0.1.0 (/Users/xlyk/Code/ovrcr/.worktrees/issue-58-ready-install/crates/ovrcr-terminal)
    Checking accesskit_consumer v0.38.0
   Compiling glutin v0.32.3
    Checking itertools v0.15.0
    Checking byteorder-lite v0.1.0
    Checking utf8parse v0.2.2
    Checking option-ext v0.2.0
    Checking fastrand v2.5.0
    Checking dirs-sys v0.5.0
    Checking anstyle-parse v1.0.0
    Checking tempfile v3.27.0
    Checking accesskit_macos v0.26.3
    Checking ratatui-macros v0.7.2
    Checking ratatui-crossterm v0.1.2
    Checking dispatch2 v0.3.1
    Checking egui v0.36.1
    Checking image v0.25.10
   Compiling glutin-winit v0.5.0
    Checking serial2 v0.2.38
    Checking cgl v0.3.2
    Checking libloading v0.8.9
    Checking anstyle-query v1.1.5
    Checking is_terminal_polyfill v1.70.2
    Checking colorchoice v1.0.5
    Checking downcast-rs v1.2.1
    Checking shell-words v1.1.1
    Checking anstyle v1.0.14
    Checking portable-pty v0.9.0
    Checking anstream v1.0.0
    Checking arboard v3.6.1
    Checking ratatui v0.30.2
    Checking accesskit_winit v0.32.2
    Checking directories v6.0.0
    Checking glow v0.17.0
    Checking web-time v1.1.0
    Checking clap_lex v1.1.0
    Checking clap_builder v4.6.6
   Compiling clap_derive v4.6.4
    Checking ovrcr-runtime v0.1.0 (/Users/xlyk/Code/ovrcr/.worktrees/issue-58-ready-install/crates/ovrcr-runtime)
    Checking egui_glow v0.36.1
    Checking egui-winit v0.36.1
    Checking ovrcr-tui v0.1.0 (/Users/xlyk/Code/ovrcr/.worktrees/issue-58-ready-install/crates/ovrcr-tui)
    Checking eframe v0.36.1
    Checking clap v4.6.6
    Checking ovrcr v0.1.0 (/Users/xlyk/Code/ovrcr/.worktrees/issue-58-ready-install)
    Finished `dev` profile [unoptimized] target(s) in 23.62s
