   Compiling libc v0.2.189
   Compiling cfg-if v1.0.4
   Compiling bitflags v2.13.1
   Compiling itoa v1.0.18
   Compiling serde_core v1.0.229
   Compiling allocator-api2 v0.2.21
   Compiling foldhash v0.2.0
   Compiling equivalent v1.0.2
   Compiling unicode-width v0.2.2
   Compiling num-traits v0.2.19
   Compiling either v1.18.0
   Compiling errno v0.3.14
   Compiling log v0.4.34
   Compiling core-foundation-sys v0.8.7
   Compiling signal-hook-registry v1.4.8
   Compiling iana-time-zone v0.1.65
   Compiling itertools v0.14.0
   Compiling thiserror v1.0.69
   Compiling thiserror v2.0.20
   Compiling castaway v0.2.4
   Compiling hashbrown v0.17.1
   Compiling hashbrown v0.16.1
   Compiling siphasher v1.0.3
   Compiling ryu v1.0.23
   Compiling static_assertions v1.1.0
   Compiling memchr v2.8.3
   Compiling compact_str v0.9.1
   Compiling kasuari v0.4.12
   Compiling unicode-truncate v2.0.1
   Compiling phf_shared v0.12.1
   Compiling strum v0.28.0
   Compiling lru v0.18.4
   Compiling chrono v0.4.45
   Compiling filedescriptor v0.8.3
   Compiling signal-hook v0.3.18
   Compiling rustix v1.1.4
   Compiling critical-section v1.2.0
   Compiling smallvec v1.16.0
   Compiling scopeguard v1.2.0
   Compiling lock_api v0.4.14
   Compiling parking_lot_core v0.9.12
   Compiling ratatui-core v0.1.2
   Compiling serde v1.0.229
   Compiling strum v0.27.2
   Compiling derive_builder v0.20.2
   Compiling phf v0.12.1
   Compiling zmij v1.0.23
   Compiling anyhow v1.0.104
   Compiling mio v1.2.3
   Compiling num_threads v0.1.7
   Compiling deranged v0.5.8
   Compiling powerfmt v0.2.0
   Compiling num-conv v0.2.2
   Compiling arrayvec v0.7.8
   Compiling time-core v0.1.9
   Compiling unty v0.0.4
   Compiling bincode v2.0.1
   Compiling vte v0.15.0
   Compiling signal-hook-mio v0.2.5
   Compiling serde_json v1.0.151
   Compiling chrono-tz v0.10.4
   Compiling time v0.3.55
   Compiling croner v3.0.1
   Compiling derive_more v2.1.1
   Compiling parking_lot v0.12.5
   Compiling line-clipping v0.3.8
   Compiling winnow v1.0.4
   Compiling base64 v0.22.1
   Compiling utf8parse v0.2.2
   Compiling anstyle-parse v1.0.0
   Compiling crossterm v0.29.0
   Compiling toml_parser v1.1.3+spec-1.1.0
   Compiling ratatui-widgets v0.3.2
   Compiling vt100 v0.16.2
   Compiling toml_datetime v0.7.5+spec-1.1.0
   Compiling serde_spanned v1.1.1
   Compiling colorchoice v1.0.5
   Compiling anstyle v1.0.14
   Compiling toml_writer v1.1.2+spec-1.1.0
   Compiling winnow v0.7.15
   Compiling anstyle-query v1.1.5
   Compiling is_terminal_polyfill v1.70.2
   Compiling option-ext v0.2.0
   Compiling anstream v1.0.0
   Compiling dirs-sys v0.5.0
   Compiling ratatui-macros v0.7.2
   Compiling nix v0.28.0
   Compiling ratatui-crossterm v0.1.2
   Compiling getrandom v0.4.3
   Compiling serial2 v0.2.38
   Compiling fastrand v2.5.0
   Compiling toml v0.9.12+spec-1.1.0
   Compiling clap_lex v1.1.0
   Compiling once_cell v1.21.4
   Compiling ovrcr-protocol v0.1.0 (/Users/xlyk/Code/ovrcr/.worktrees/issue-58-ready-install/crates/ovrcr-protocol)
   Compiling downcast-rs v1.2.1
   Compiling shell-words v1.1.1
   Compiling portable-pty v0.9.0
   Compiling tempfile v3.27.0
   Compiling clap_builder v4.6.6
   Compiling ratatui v0.30.2
   Compiling directories v6.0.0
   Compiling ovrcr-terminal v0.1.0 (/Users/xlyk/Code/ovrcr/.worktrees/issue-58-ready-install/crates/ovrcr-terminal)
   Compiling ovrcr-tui v0.1.0 (/Users/xlyk/Code/ovrcr/.worktrees/issue-58-ready-install/crates/ovrcr-tui)
   Compiling ovrcr-runtime v0.1.0 (/Users/xlyk/Code/ovrcr/.worktrees/issue-58-ready-install/crates/ovrcr-runtime)
   Compiling clap v4.6.6
   Compiling ovrcr v0.1.0 (/Users/xlyk/Code/ovrcr/.worktrees/issue-58-ready-install)
    Finished `test` profile [unoptimized] target(s) in 8.56s
     Running tests/agent_setup.rs (target/debug/deps/agent_setup-62f2ac478ab4d6b2)

running 3 tests
test codex_doctor_defaults_dispatch_and_rejects_versions_without_server_or_secrets ... ok
test codex_setup_preserves_handlers_trust_and_quotes_noop_helper ... ok
test codex_doctor_checks_supplied_hooks_without_certifying_trust ... ok

test result: ok. 3 passed; 0 failed; 0 ignored; 0 measured; 7 filtered out; finished in 1.75s
