   Compiling proc-macro2 v1.0.107
   Compiling quote v1.0.47
   Compiling unicode-ident v1.0.24
   Compiling libc v0.2.189
   Compiling strsim v0.11.1
   Compiling ident_case v1.0.1
   Compiling heck v0.5.0
   Compiling cfg-if v1.0.4
   Compiling bitflags v2.13.1
   Compiling itoa v1.0.18
   Compiling serde_core v1.0.229
   Compiling fnv v1.0.7
   Compiling equivalent v1.0.2
   Compiling unicode-width v0.2.2
   Compiling autocfg v1.5.1
   Compiling allocator-api2 v0.2.21
   Compiling syn v2.0.119
   Compiling syn v3.0.5
   Compiling errno v0.3.14
   Compiling foldhash v0.2.0
   Compiling rustversion v1.0.23
   Compiling num-traits v0.2.19
   Compiling thiserror v1.0.69
   Compiling thiserror v2.0.20
   Compiling darling_core v0.20.11
   Compiling darling_core v0.24.1
   Compiling thiserror-impl v1.0.69
   Compiling thiserror-impl v2.0.20
   Compiling darling_macro v0.20.11
   Compiling darling v0.20.11
   Compiling either v1.18.0
   Compiling signal-hook v0.3.18
   Compiling rustix v1.1.4
   Compiling log v0.4.34
   Compiling core-foundation-sys v0.8.7
   Compiling darling_macro v0.24.1
   Compiling derive_builder_core v0.20.2
   Compiling iana-time-zone v0.1.65
   Compiling itertools v0.14.0
   Compiling castaway v0.2.4
   Compiling strum_macros v0.28.0
   Compiling hashbrown v0.16.1
   Compiling hashbrown v0.17.1
   Compiling signal-hook-registry v1.4.8
   Compiling anyhow v1.0.104
   Compiling unicode-segmentation v1.13.3
   Compiling ryu v1.0.23
   Compiling siphasher v1.0.3
   Compiling static_assertions v1.1.0
   Compiling serde v1.0.229
   Compiling parking_lot_core v0.9.12
   Compiling memchr v2.8.3
   Compiling zmij v1.0.23
   Compiling instability v0.3.13
   Compiling convert_case v0.10.0
   Compiling phf_shared v0.12.1
   Compiling compact_str v0.9.1
   Compiling unicode-truncate v2.0.1
   Compiling strum v0.28.0
   Compiling lru v0.18.4
   Compiling kasuari v0.4.12
   Compiling chrono v0.4.45
   Compiling filedescriptor v0.8.3
   Compiling derive_builder_macro v0.20.2
   Compiling darling v0.24.1
   Compiling serde_derive v1.0.229
   Compiling strum_macros v0.27.2
   Compiling smallvec v1.16.0
   Compiling chrono-tz v0.10.4
   Compiling serde_json v1.0.151
   Compiling critical-section v1.2.0
   Compiling virtue v0.0.18
   Compiling scopeguard v1.2.0
   Compiling indoc v2.0.7
   Compiling lock_api v0.4.14
   Compiling bincode_derive v2.0.1
   Compiling ratatui-core v0.1.2
   Compiling strum v0.27.2
   Compiling derive_builder v0.20.2
   Compiling phf v0.12.1
   Compiling derive_more-impl v2.1.1
   Compiling mio v1.2.3
   Compiling num_threads v0.1.7
   Compiling cfg_aliases v0.1.1
   Compiling unty v0.0.4
   Compiling deranged v0.5.8
   Compiling num-conv v0.2.2
   Compiling litrs v1.0.0
   Compiling arrayvec v0.7.8
   Compiling powerfmt v0.2.0
   Compiling time-core v0.1.9
   Compiling document-features v0.2.12
   Compiling vte v0.15.0
   Compiling time v0.3.55
   Compiling derive_more v2.1.1
   Compiling signal-hook-mio v0.2.5
   Compiling bincode v2.0.1
   Compiling nix v0.28.0
   Compiling croner v3.0.1
   Compiling parking_lot v0.12.5
   Compiling line-clipping v0.3.8
   Compiling utf8parse v0.2.2
   Compiling base64 v0.22.1
   Compiling getrandom v0.4.3
   Compiling winnow v1.0.4
   Compiling toml_parser v1.1.3+spec-1.1.0
   Compiling crossterm v0.29.0
   Compiling anstyle-parse v1.0.0
   Compiling ratatui-widgets v0.3.2
   Compiling ovrcr-protocol v0.1.0 (/Users/xlyk/Code/ovrcr/.worktrees/issue-58-ready-install/crates/ovrcr-protocol)
   Compiling vt100 v0.16.2
   Compiling serde_spanned v1.1.1
   Compiling toml_datetime v0.7.5+spec-1.1.0
   Compiling winnow v0.7.15
   Compiling toml_writer v1.1.2+spec-1.1.0
   Compiling option-ext v0.2.0
   Compiling anstyle v1.0.14
   Compiling is_terminal_polyfill v1.70.2
   Compiling anstyle-query v1.1.5
   Compiling colorchoice v1.0.5
   Compiling anstream v1.0.0
   Compiling toml v0.9.12+spec-1.1.0
   Compiling dirs-sys v0.5.0
   Compiling ovrcr-terminal v0.1.0 (/Users/xlyk/Code/ovrcr/.worktrees/issue-58-ready-install/crates/ovrcr-terminal)
   Compiling ratatui-macros v0.7.2
   Compiling ratatui-crossterm v0.1.2
   Compiling serial2 v0.2.38
   Compiling downcast-rs v1.2.1
   Compiling once_cell v1.21.4
   Compiling fastrand v2.5.0
   Compiling shell-words v1.1.1
   Compiling clap_lex v1.1.0
   Compiling portable-pty v0.9.0
   Compiling clap_builder v4.6.6
   Compiling tempfile v3.27.0
   Compiling ratatui v0.30.2
   Compiling directories v6.0.0
   Compiling clap_derive v4.6.4
   Compiling ovrcr-runtime v0.1.0 (/Users/xlyk/Code/ovrcr/.worktrees/issue-58-ready-install/crates/ovrcr-runtime)
   Compiling ovrcr-tui v0.1.0 (/Users/xlyk/Code/ovrcr/.worktrees/issue-58-ready-install/crates/ovrcr-tui)
   Compiling clap v4.6.6
   Compiling ovrcr v0.1.0 (/Users/xlyk/Code/ovrcr/.worktrees/issue-58-ready-install)
    Finished `release` profile [optimized] target(s) in 33.98s
