revision: 1475f0ade7854773ab78db82418caa085fd57895
command: cargo clippy --workspace --all-targets --all-features -- -D warnings
   Compiling num-traits v0.2.19
    Checking objc2-encode v4.1.0
    Checking smallvec v1.16.0
    Checking log v0.4.34
    Checking once_cell v1.21.4
    Checking libc v0.2.189
   Compiling objc2 v0.6.4
   Compiling cfg_aliases v0.2.2
   Compiling objc-sys v0.3.5
   Compiling bytemuck_derive v1.12.0
   Compiling zerocopy v0.8.56
   Compiling zerocopy-derive v0.8.56
    Checking simd-adler32 v0.3.10
    Checking polycool v0.4.0
   Compiling crc32fast v1.5.1
    Checking adler2 v2.0.1
    Checking uuid v1.26.0
    Checking linebender_resource_handle v0.1.1
   Compiling version_check v0.9.5
    Checking dispatch v0.2.0
    Checking kurbo v0.13.1
    Checking miniz_oxide v0.9.1
   Compiling foreign-types-macros v0.2.4
    Checking fearless_simd v0.4.1
    Checking accesskit v0.24.1
   Compiling ahash v0.8.12
    Checking foreign-types-shared v0.3.1
    Checking bitflags v1.3.2
   Compiling unicode-general-category v1.1.0
   Compiling winit v0.30.13
    Checking errno v0.3.14
    Checking parking_lot_core v0.9.12
    Checking signal-hook-registry v1.4.8
    Checking rustix v1.1.4
    Checking parking_lot v0.12.5
    Checking signal-hook v0.3.18
    Checking filedescriptor v0.8.3
    Checking core-foundation v0.9.4
    Checking bytemuck v1.25.2
    Checking foreign-types v0.5.0
    Checking objc2 v0.5.2
    Checking num_threads v0.1.7
    Checking mio v1.2.3
    Checking flate2 v1.1.10
    Checking core-graphics-types v0.1.3
    Checking chrono v0.4.45
    Checking objc2-core-foundation v0.3.2
    Checking euclid v0.22.14
    Checking block2 v0.6.2
    Checking raw-window-handle v0.6.2
    Checking pin-project-lite v0.2.17
    Checking tracing-core v0.1.36
    Checking zune-core v0.5.3
    Checking time v0.3.55
    Checking block2 v0.5.1
    Checking signal-hook-mio v0.2.5
    Checking zune-jpeg v0.5.15
    Checking guillotiere v0.7.0
    Checking tracing v0.1.44
    Checking objc2-foundation v0.2.2
    Checking miniz_oxide v0.8.9
    Checking fdeflate v0.3.7
    Checking nohash-hasher v0.2.0
    Checking epaint_default_fonts v0.36.1
    Checking croner v3.0.1
    Checking font-types v0.12.4
    Checking color v0.3.3
    Checking chrono-tz v0.10.4
    Checking emath v0.36.1
    Checking objc2-core-graphics v0.3.2
    Checking objc2-foundation v0.3.2
    Checking quick-error v2.0.1
    Checking core-graphics v0.23.2
    Checking cursor-icon v1.2.0
    Checking self_cell v1.3.0
    Checking profiling v1.0.18
    Checking read-fonts v0.41.0
    Checking ecolor v0.36.1
    Checking pxfm v0.1.30
    Checking smol_str v0.2.2
    Checking fax v0.2.7
    Checking dpi v0.1.2
    Checking peniko v0.6.1
    Checking weezl v0.1.12
    Checking crossterm v0.29.0
    Checking png v0.18.1
    Checking ratatui-widgets v0.3.2
    Checking getrandom v0.4.3
    Checking accesskit_consumer v0.38.0
   Compiling glutin v0.32.3
    Checking vello_common v0.1.0
    Checking itertools v0.15.0
    Checking utf8parse v0.2.2
    Checking option-ext v0.2.0
    Checking byteorder-lite v0.1.0
    Checking tempfile v3.27.0
    Checking ratatui-crossterm v0.1.2
    Checking dirs-sys v0.5.0
    Checking anstyle-parse v1.0.0
    Checking nix v0.28.0
    Checking dispatch2 v0.3.1
    Checking serial2 v0.2.38
    Checking cgl v0.3.2
   Compiling glutin-winit v0.5.0
    Checking libloading v0.8.9
    Checking anstyle-query v1.1.5
    Checking colorchoice v1.0.5
    Checking vello_cpu v0.1.0
    Checking anstyle v1.0.14
    Checking downcast-rs v1.2.1
    Checking shell-words v1.1.1
    Checking is_terminal_polyfill v1.70.2
    Checking directories v6.0.0
    Checking strsim v0.11.1
    Checking anstream v1.0.0
    Checking ratatui-macros v0.7.2
    Checking glow v0.17.0
    Checking clap_lex v1.1.0
    Checking ratatui v0.30.2
    Checking web-time v1.1.0
    Checking clap_builder v4.6.6
    Checking portable-pty v0.9.0
    Checking objc2-app-kit v0.2.2
    Checking moxcms v0.8.1
    Checking objc2-app-kit v0.3.2
    Checking clap v4.6.6
    Checking half v2.7.1
    Checking tiff v0.11.3
    Checking ovrcr-protocol v0.1.0 (/Users/xlyk/Code/ovrcr/.worktrees/issue-59-desktop-alerts/crates/ovrcr-protocol)
    Checking skrifa v0.44.0
    Checking harfrust v0.12.0
    Checking image v0.25.10
    Checking accesskit_macos v0.26.3
    Checking arboard v3.6.1
    Checking accesskit_winit v0.32.2
    Checking ovrcr-terminal v0.1.0 (/Users/xlyk/Code/ovrcr/.worktrees/issue-59-desktop-alerts/crates/ovrcr-terminal)
    Checking epaint v0.36.1
    Checking ovrcr-tui v0.1.0 (/Users/xlyk/Code/ovrcr/.worktrees/issue-59-desktop-alerts/crates/ovrcr-tui)
    Checking ovrcr-runtime v0.1.0 (/Users/xlyk/Code/ovrcr/.worktrees/issue-59-desktop-alerts/crates/ovrcr-runtime)
    Checking egui v0.36.1
    Checking egui_glow v0.36.1
    Checking egui-winit v0.36.1
    Checking eframe v0.36.1
    Checking ovrcr v0.1.0 (/Users/xlyk/Code/ovrcr/.worktrees/issue-59-desktop-alerts)
    Finished `dev` profile [unoptimized + debuginfo] target(s) in 15.16s
