['rtk', 'proxy', 'cargo', 'test', '-p', 'ovrcr', '--test', 'server_lifecycle', 'desktop_notifications_', '--', '--nocapture']
   Compiling ovrcr-tui v0.1.0 (/Users/xlyk/Code/ovrcr/.worktrees/issue-59-desktop-alerts/crates/ovrcr-tui)
   Compiling ovrcr v0.1.0 (/Users/xlyk/Code/ovrcr/.worktrees/issue-59-desktop-alerts)
    Finished `test` profile [unoptimized + debuginfo] target(s) in 1.98s
     Running tests/server_lifecycle.rs (target/debug/deps/server_lifecycle-9cb885944ef19423)

running 5 tests
Initialized empty Git repository in /private/var/folders/j9/h6rlffxd1r794s9g9ps_52t40000gn/T/.tmpALidHm/repo/.git/
[main (root-commit) 12c11f9] initial
 1 file changed, 1 insertion(+)
 create mode 100644 README
ovrcr server starting for /var/folders/j9/h6rlffxd1r794s9g9ps_52t40000gn/T/.tmpALidHm/server.sock
ovrcr server listening on /var/folders/j9/h6rlffxd1r794s9g9ps_52t40000gn/T/.tmpALidHm/server.sock
ovrcr server stopped
test desktop_notifications_default_off_and_disabled_events_do_not_replay_on_enable ... ok
Initialized empty Git repository in /private/var/folders/j9/h6rlffxd1r794s9g9ps_52t40000gn/T/.tmpcpLSu0/repo/.git/
[main (root-commit) f0edc41] initial
 1 file changed, 1 insertion(+)
 create mode 100644 README
ovrcr server starting for /var/folders/j9/h6rlffxd1r794s9g9ps_52t40000gn/T/.tmpcpLSu0/server.sock
ovrcr server listening on /var/folders/j9/h6rlffxd1r794s9g9ps_52t40000gn/T/.tmpcpLSu0/server.sock
ovrcr server stopped
test desktop_notifications_missing_host_tool_preserves_response_and_dashboard_controls ... ok
Initialized empty Git repository in /private/var/folders/j9/h6rlffxd1r794s9g9ps_52t40000gn/T/.tmpOMd9es/repo/.git/
[main (root-commit) 120126e] initial
 1 file changed, 1 insertion(+)
 create mode 100644 README
ovrcr server starting for /var/folders/j9/h6rlffxd1r794s9g9ps_52t40000gn/T/.tmpOMd9es/server.sock
ovrcr server listening on /var/folders/j9/h6rlffxd1r794s9g9ps_52t40000gn/T/.tmpOMd9es/server.sock
ovrcr server stopped
test desktop_notifications_queued_completion_is_cancelled_when_its_pane_becomes_visible ... ok
Initialized empty Git repository in /private/var/folders/j9/h6rlffxd1r794s9g9ps_52t40000gn/T/.tmpkeWRPI/repo/.git/
[main (root-commit) 12854d4] initial
 1 file changed, 1 insertion(+)
 create mode 100644 README
ovrcr server starting for /var/folders/j9/h6rlffxd1r794s9g9ps_52t40000gn/T/.tmpkeWRPI/server.sock
ovrcr server listening on /var/folders/j9/h6rlffxd1r794s9g9ps_52t40000gn/T/.tmpkeWRPI/server.sock
ovrcr server stopped
test desktop_notifications_managed_completion_reaches_host_once_and_respects_visibility ... ok
Initialized empty Git repository in /private/var/folders/j9/h6rlffxd1r794s9g9ps_52t40000gn/T/.tmpTXiFUt/repo/.git/
[main (root-commit) 89ec550] initial
 1 file changed, 1 insertion(+)
 create mode 100644 README
ovrcr server starting for /var/folders/j9/h6rlffxd1r794s9g9ps_52t40000gn/T/.tmpTXiFUt/server.sock
ovrcr server listening on /var/folders/j9/h6rlffxd1r794s9g9ps_52t40000gn/T/.tmpTXiFUt/server.sock
ovrcr server stopped
test desktop_notifications_host_failure_and_blocking_never_block_input_or_detach ... ok

test result: ok. 5 passed; 0 failed; 0 ignored; 0 measured; 84 filtered out; finished in 9.45s


exit: 0