   Compiling ovrcr v0.1.0 (/Users/xlyk/Code/ovrcr/.worktrees/issue-59-desktop-alerts)
    Finished `test` profile [unoptimized + debuginfo] target(s) in 1.84s
     Running tests/server_lifecycle.rs (target/debug/deps/server_lifecycle-9cb885944ef19423)

running 3 tests
Initialized empty Git repository in /private/var/folders/j9/h6rlffxd1r794s9g9ps_52t40000gn/T/.tmpAgH8KK/repo/.git/
[main (root-commit) ae4f561] initial
 1 file changed, 1 insertion(+)
 create mode 100644 README
ovrcr server starting for /var/folders/j9/h6rlffxd1r794s9g9ps_52t40000gn/T/.tmpAgH8KK/server.sock
ovrcr server listening on /var/folders/j9/h6rlffxd1r794s9g9ps_52t40000gn/T/.tmpAgH8KK/server.sock
ovrcr server stopped
test desktop_notifications_managed_completion_reaches_host_once_and_respects_visibility ... ok
Initialized empty Git repository in /private/var/folders/j9/h6rlffxd1r794s9g9ps_52t40000gn/T/.tmpwgeuf3/repo/.git/
[main (root-commit) 13bb113] initial
 1 file changed, 1 insertion(+)
 create mode 100644 README
ovrcr server starting for /var/folders/j9/h6rlffxd1r794s9g9ps_52t40000gn/T/.tmpwgeuf3/server.sock
ovrcr server listening on /var/folders/j9/h6rlffxd1r794s9g9ps_52t40000gn/T/.tmpwgeuf3/server.sock
ovrcr server stopped
test desktop_notifications_default_off_and_disabled_events_do_not_replay_on_enable ... ok
Initialized empty Git repository in /private/var/folders/j9/h6rlffxd1r794s9g9ps_52t40000gn/T/.tmpVREOvg/repo/.git/
[main (root-commit) 355a239] initial
 1 file changed, 1 insertion(+)
 create mode 100644 README
ovrcr server starting for /var/folders/j9/h6rlffxd1r794s9g9ps_52t40000gn/T/.tmpVREOvg/server.sock
ovrcr server listening on /var/folders/j9/h6rlffxd1r794s9g9ps_52t40000gn/T/.tmpVREOvg/server.sock
ovrcr server stopped
test desktop_notifications_host_failure_and_blocking_never_block_input_or_detach ... ok

test result: ok. 3 passed; 0 failed; 0 ignored; 0 measured; 84 filtered out; finished in 7.93s

