['rtk', 'proxy', 'cargo', 'test', '-p', 'ovrcr-tui', '--lib', 'desktop']
   Compiling ovrcr-tui v0.1.0 (/Users/xlyk/Code/ovrcr/.worktrees/issue-59-desktop-alerts/crates/ovrcr-tui)
    Finished `test` profile [unoptimized + debuginfo] target(s) in 1.23s
     Running unittests src/lib.rs (target/debug/deps/ovrcr_tui-608b02674241a382)

running 10 tests
test dashboard::tests::desktop_notification_action_is_opt_in_and_discoverable ... ok
test dashboard::desktop::tests::desktop_attach_disabled_and_reenable_baselines_never_replay ... ok
test dashboard::desktop::tests::desktop_rebind_and_supervisor_restart_reject_prior_identity ... ok
test dashboard::desktop::tests::desktop_notification_toggle_does_not_intercept_native_input ... ok
test dashboard::desktop::tests::desktop_visibility_uses_drawn_geometry_including_hidden_split_and_empty_view ... ok
test dashboard::desktop::tests::desktop_ready_requires_new_accepted_root_identity_and_only_exports_identity ... ok
test dashboard::desktop::tests::desktop_provider_session_event_reaches_notification_observer ... FAILED
test dashboard::desktop::tests::desktop_tasks_view_has_no_visible_terminal_panes ... FAILED
test dashboard::desktop::tests::desktop_pending_candidates_are_bounded_and_identity_text_is_not_code ... ok
test dashboard::settings::tests::desktop_notifications_default_off_and_explicit_config_opt_in ... ok

failures:

---- dashboard::desktop::tests::desktop_provider_session_event_reaches_notification_observer stdout ----

thread 'dashboard::desktop::tests::desktop_provider_session_event_reaches_notification_observer' (48257890) panicked at crates/ovrcr-tui/src/dashboard/desktop.rs:423:9:
assertion `left == right` failed
  left: 0
 right: 1
note: run with `RUST_BACKTRACE=1` environment variable to display a backtrace

---- dashboard::desktop::tests::desktop_tasks_view_has_no_visible_terminal_panes stdout ----

thread 'dashboard::desktop::tests::desktop_tasks_view_has_no_visible_terminal_panes' (48257893) panicked at crates/ovrcr-tui/src/dashboard/desktop.rs:432:9:
assertion `left == right` failed
  left: 0
 right: 1


failures:
    dashboard::desktop::tests::desktop_provider_session_event_reaches_notification_observer
    dashboard::desktop::tests::desktop_tasks_view_has_no_visible_terminal_panes

test result: FAILED. 8 passed; 2 failed; 0 ignored; 0 measured; 51 filtered out; finished in 0.00s

error: test failed, to rerun pass `-p ovrcr-tui --lib`

exit: 101