['rtk', 'proxy', 'cargo', 'test', '-p', 'ovrcr-tui', '--lib', 'desktop']
   Compiling ovrcr-tui v0.1.0 (/Users/xlyk/Code/ovrcr/.worktrees/issue-59-desktop-alerts/crates/ovrcr-tui)
error[E0308]: mismatched types
   --> crates/ovrcr-tui/src/dashboard/desktop.rs:422:82
    |
422 |         d.handle_server_message(ServerMessage::Event(ServerEvent::SessionChanged(session(&mut ready).clone())));
    |                                                      --------------------------- ^^^^^^^^^^^^^^^^^^^^^^^^^^^ expected `Box<SessionSummary>`, found `SessionSummary`
    |                                                      |
    |                                                      arguments to this enum variant are incorrect
    |
    = note: expected struct `Box<ovrcr_protocol::SessionSummary>`
               found struct `ovrcr_protocol::SessionSummary`
    = note: for more on the distinction between the stack and the heap, read https://doc.rust-lang.org/book/ch15-01-box.html, https://doc.rust-lang.org/rust-by-example/std/box.html, and https://doc.rust-lang.org/std/boxed/index.html
note: tuple variant defined here
   --> crates/ovrcr-protocol/src/wire.rs:342:5
    |
342 |     SessionChanged(Box<SessionSummary>),
    |     ^^^^^^^^^^^^^^
help: store this in the heap by calling `Box::new`
    |
422 |         d.handle_server_message(ServerMessage::Event(ServerEvent::SessionChanged(Box::new(session(&mut ready).clone()))));
    |                                                                                  +++++++++                           +

For more information about this error, try `rustc --explain E0308`.
error: could not compile `ovrcr-tui` (lib test) due to 1 previous error

exit: 101