   Compiling libc v0.2.189
   Compiling strsim v0.11.1
   Compiling cfg_aliases v0.1.1
   Compiling utf8parse v0.2.2
   Compiling is_terminal_polyfill v1.70.2
   Compiling anstyle v1.0.14
   Compiling anstyle-query v1.1.5
   Compiling colorchoice v1.0.5
   Compiling option-ext v0.2.0
   Compiling downcast-rs v1.2.1
   Compiling clap_lex v1.1.0
   Compiling shell-words v1.1.1
   Compiling clap_derive v4.6.4
   Compiling nix v0.28.0
   Compiling anstyle-parse v1.0.0
   Compiling darling_core v0.20.11
   Compiling darling_core v0.24.1
   Compiling anstream v1.0.0
   Compiling clap_builder v4.6.6
   Compiling errno v0.3.14
   Compiling filedescriptor v0.8.3
   Compiling num_threads v0.1.7
   Compiling mio v1.2.3
   Compiling parking_lot_core v0.9.12
   Compiling getrandom v0.4.3
   Compiling serial2 v0.2.38
   Compiling dirs-sys v0.5.0
   Compiling darling_macro v0.20.11
   Compiling signal-hook-registry v1.4.8
   Compiling rustix v1.1.4
   Compiling time v0.3.55
   Compiling directories v6.0.0
   Compiling signal-hook v0.3.18
   Compiling parking_lot v0.12.5
   Compiling darling v0.20.11
   Compiling signal-hook-mio v0.2.5
   Compiling darling_macro v0.24.1
   Compiling clap v4.6.6
   Compiling derive_builder_core v0.20.2
   Compiling darling v0.24.1
   Compiling portable-pty v0.9.0
   Compiling instability v0.3.13
   Compiling derive_builder_macro v0.20.2
   Compiling crossterm v0.29.0
   Compiling tempfile v3.27.0
   Compiling derive_builder v0.20.2
   Compiling ratatui-widgets v0.3.2
   Compiling ratatui-crossterm v0.1.2
   Compiling croner v3.0.1
   Compiling ovrcr-protocol v0.1.0 (/Users/xlyk/Code/ovrcr/.worktrees/issue-59-desktop-alerts/crates/ovrcr-protocol)
   Compiling ratatui-macros v0.7.2
   Compiling ratatui v0.30.2
   Compiling ovrcr-terminal v0.1.0 (/Users/xlyk/Code/ovrcr/.worktrees/issue-59-desktop-alerts/crates/ovrcr-terminal)
   Compiling ovrcr-runtime v0.1.0 (/Users/xlyk/Code/ovrcr/.worktrees/issue-59-desktop-alerts/crates/ovrcr-runtime)
   Compiling ovrcr-tui v0.1.0 (/Users/xlyk/Code/ovrcr/.worktrees/issue-59-desktop-alerts/crates/ovrcr-tui)
   Compiling ovrcr v0.1.0 (/Users/xlyk/Code/ovrcr/.worktrees/issue-59-desktop-alerts)
    Finished `test` profile [unoptimized + debuginfo] target(s) in 8.89s
     Running tests/server_lifecycle.rs (target/debug/deps/server_lifecycle-9cb885944ef19423)

running 1 test
Initialized empty Git repository in /private/var/folders/j9/h6rlffxd1r794s9g9ps_52t40000gn/T/.tmp2p6G5C/repo/.git/
[main (root-commit) dc7d4a6] initial
 1 file changed, 1 insertion(+)
 create mode 100644 README
ovrcr server starting for /var/folders/j9/h6rlffxd1r794s9g9ps_52t40000gn/T/.tmp2p6G5C/server.sock
ovrcr server listening on /var/folders/j9/h6rlffxd1r794s9g9ps_52t40000gn/T/.tmp2p6G5C/server.sock

thread 'desktop_notifications_managed_completion_reaches_host_once_and_respects_visibility' (48153828) panicked at tests/server_lifecycle.rs:10394:13:
expected 1 desktop host calls, received 0: 
note: run with `RUST_BACKTRACE=1` environment variable to display a backtrace
ovrcr server stopped
test desktop_notifications_managed_completion_reaches_host_once_and_respects_visibility ... FAILED

failures:

failures:
    desktop_notifications_managed_completion_reaches_host_once_and_respects_visibility

test result: FAILED. 0 passed; 1 failed; 0 ignored; 0 measured; 85 filtered out; finished in 7.36s

error: test failed, to rerun pass `-p ovrcr --test server_lifecycle`
