['rtk', 'proxy', 'cargo', 'test', '-p', 'ovrcr', '--test', 'server_lifecycle', 'desktop_notifications_', '--', '--nocapture']
   Compiling ovrcr-tui v0.1.0 (/Users/xlyk/Code/ovrcr/.worktrees/issue-59-desktop-alerts/crates/ovrcr-tui)
   Compiling ovrcr v0.1.0 (/Users/xlyk/Code/ovrcr/.worktrees/issue-59-desktop-alerts)
    Finished `test` profile [unoptimized + debuginfo] target(s) in 2.84s
     Running tests/server_lifecycle.rs (target/debug/deps/server_lifecycle-9cb885944ef19423)

running 5 tests
Initialized empty Git repository in /private/var/folders/j9/h6rlffxd1r794s9g9ps_52t40000gn/T/.tmpXsW67K/repo/.git/
[main (root-commit) e687317] initial
 1 file changed, 1 insertion(+)
 create mode 100644 README
ovrcr server starting for /var/folders/j9/h6rlffxd1r794s9g9ps_52t40000gn/T/.tmpXsW67K/server.sock
ovrcr server listening on /var/folders/j9/h6rlffxd1r794s9g9ps_52t40000gn/T/.tmpXsW67K/server.sock
ovrcr server stopped
test desktop_notifications_managed_completion_reaches_host_once_and_respects_visibility ... ok
Initialized empty Git repository in /private/var/folders/j9/h6rlffxd1r794s9g9ps_52t40000gn/T/.tmpsTmPaz/repo/.git/
[main (root-commit) 99d4171] initial
 1 file changed, 1 insertion(+)
 create mode 100644 README
ovrcr server starting for /var/folders/j9/h6rlffxd1r794s9g9ps_52t40000gn/T/.tmpsTmPaz/server.sock
ovrcr server listening on /var/folders/j9/h6rlffxd1r794s9g9ps_52t40000gn/T/.tmpsTmPaz/server.sock
ovrcr server stopped
test desktop_notifications_host_failure_and_blocking_never_block_input_or_detach ... ok
Initialized empty Git repository in /private/var/folders/j9/h6rlffxd1r794s9g9ps_52t40000gn/T/.tmpjruvQ0/repo/.git/
[main (root-commit) 965ca13] initial
 1 file changed, 1 insertion(+)
 create mode 100644 README
ovrcr server starting for /var/folders/j9/h6rlffxd1r794s9g9ps_52t40000gn/T/.tmpjruvQ0/server.sock
ovrcr server listening on /var/folders/j9/h6rlffxd1r794s9g9ps_52t40000gn/T/.tmpjruvQ0/server.sock
ovrcr server stopped
test desktop_notifications_missing_host_tool_preserves_response_and_dashboard_controls ... ok
Initialized empty Git repository in /private/var/folders/j9/h6rlffxd1r794s9g9ps_52t40000gn/T/.tmptN1Xko/repo/.git/
[main (root-commit) 1cbe23a] initial
 1 file changed, 1 insertion(+)
 create mode 100644 README
ovrcr server starting for /var/folders/j9/h6rlffxd1r794s9g9ps_52t40000gn/T/.tmptN1Xko/server.sock
ovrcr server listening on /var/folders/j9/h6rlffxd1r794s9g9ps_52t40000gn/T/.tmptN1Xko/server.sock
ovrcr server stopped
test desktop_notifications_queued_completion_is_cancelled_when_its_pane_becomes_visible ... ok
Initialized empty Git repository in /private/var/folders/j9/h6rlffxd1r794s9g9ps_52t40000gn/T/.tmpY2d1cX/repo/.git/
[main (root-commit) 922a215] initial
 1 file changed, 1 insertion(+)
 create mode 100644 README
ovrcr server starting for /var/folders/j9/h6rlffxd1r794s9g9ps_52t40000gn/T/.tmpY2d1cX/server.sock
ovrcr server listening on /var/folders/j9/h6rlffxd1r794s9g9ps_52t40000gn/T/.tmpY2d1cX/server.sock
ovrcr server stopped
test desktop_notifications_default_off_and_disabled_events_do_not_replay_on_enable ... ok

test result: ok. 5 passed; 0 failed; 0 ignored; 0 measured; 84 filtered out; finished in 9.54s


exit: 0