13:38:48 initialize slow:20
13:38:49 initialized slow:20
13:38:49 account/read slow:20
13:38:49 account/rateLimits/read slow:20
13:42:59 initialize slow:10
13:42:59 initialized slow:10
13:42:59 account/read slow:10
13:42:59 account/rateLimits/read slow:10
13:43:09 account/read slow:10
13:43:46 account/read http503
13:43:46 account/rateLimits/read http503
13:44:46 initialize http503
13:44:46 initialized http503
13:44:46 account/read http503
13:44:46 account/rateLimits/read http503
13:46:46 initialize ok
13:46:46 initialized ok
13:46:46 account/read ok
13:46:46 account/rateLimits/read ok
13:46:46 account/read ok
13:51:46 account/read ok
13:51:46 account/rateLimits/read ok
13:51:46 account/read ok
13:52:07 initialize ok
13:52:07 initialized ok
13:52:07 account/read ok
13:52:07 account/rateLimits/read ok
13:52:07 account/read ok
13:53:23 initialize ok
13:53:23 initialized ok
13:53:23 account/read ok
13:53:23 account/rateLimits/read ok
13:53:23 account/read ok
