   Compiling proc-macro2 v1.0.107
   Compiling unicode-ident v1.0.24
   Compiling quote v1.0.47
   Compiling libc v0.2.189
   Compiling bitflags v2.13.1
   Compiling cfg-if v1.0.4
   Compiling autocfg v1.5.1
   Compiling strsim v0.11.1
   Compiling allocator-api2 v0.2.21
   Compiling objc2-encode v4.1.0
   Compiling equivalent v1.0.2
   Compiling ident_case v1.0.1
   Compiling foldhash v0.2.0
   Compiling heck v0.5.0
   Compiling core-foundation-sys v0.8.7
   Compiling smallvec v1.16.0
   Compiling thiserror v2.0.20
   Compiling unicode-segmentation v1.13.3
   Compiling arrayvec v0.7.8
   Compiling log v0.4.34
   Compiling either v1.18.0
   Compiling once_cell v1.21.4
   Compiling hashbrown v0.17.1
   Compiling objc2 v0.6.4
   Compiling hashbrown v0.16.1
   Compiling num-traits v0.2.19
   Compiling itoa v1.0.18
   Compiling objc-sys v0.3.5
   Compiling parking_lot_core v0.9.12
   Compiling serde_core v1.0.229
   Compiling zerocopy v0.8.56
   Compiling cfg_aliases v0.2.2
   Compiling fnv v1.0.7
   Compiling scopeguard v1.2.0
   Compiling lock_api v0.4.14
   Compiling simd-adler32 v0.3.10
   Compiling unicode-width v0.2.2
   Compiling rustversion v1.0.23
   Compiling polycool v0.4.0
   Compiling adler2 v2.0.1
   Compiling thiserror v1.0.69
   Compiling crc32fast v1.5.1
   Compiling linebender_resource_handle v0.1.1
   Compiling kurbo v0.13.1
   Compiling dispatch v0.2.0
   Compiling signal-hook v0.3.18
   Compiling version_check v0.9.5
   Compiling static_assertions v1.1.0
   Compiling syn v3.0.5
   Compiling syn v2.0.119
   Compiling uuid v1.26.0
   Compiling errno v0.3.14
   Compiling rustix v1.1.4
   Compiling accesskit v0.24.1
   Compiling signal-hook-registry v1.4.8
   Compiling parking_lot v0.12.5
   Compiling core-foundation v0.9.4
   Compiling euclid v0.22.14
   Compiling objc2 v0.5.2
   Compiling objc2-core-foundation v0.3.2
   Compiling block2 v0.6.2
   Compiling ahash v0.8.12
   Compiling miniz_oxide v0.9.1
   Compiling itertools v0.14.0
   Compiling guillotiere v0.7.0
   Compiling iana-time-zone v0.1.65
   Compiling instability v0.3.13
   Compiling block2 v0.5.1
   Compiling siphasher v1.0.3
   Compiling ryu v1.0.23
   Compiling objc2-foundation v0.2.2
   Compiling foreign-types-shared v0.3.1
   Compiling bitflags v1.3.2
   Compiling fearless_simd v0.4.1
   Compiling unicode-general-category v1.1.0
   Compiling serde v1.0.229
   Compiling anyhow v1.0.104
   Compiling darling_core v0.24.1
   Compiling darling_core v0.20.11
   Compiling castaway v0.2.4
   Compiling memchr v2.8.3
   Compiling zmij v1.0.23
   Compiling unicode-truncate v2.0.1
   Compiling flate2 v1.1.10
   Compiling compact_str v0.9.1
   Compiling core-graphics-types v0.1.3
   Compiling objc2-foundation v0.3.2
   Compiling objc2-core-graphics v0.3.2
   Compiling phf_shared v0.12.1
   Compiling chrono v0.4.45
   Compiling bytemuck_derive v1.12.0
   Compiling thiserror-impl v2.0.20
   Compiling zerocopy-derive v0.8.56
   Compiling thiserror-impl v1.0.69
   Compiling strum_macros v0.28.0
   Compiling foreign-types-macros v0.2.4
   Compiling strum_macros v0.27.2
   Compiling serde_derive v1.0.229
   Compiling foreign-types v0.5.0
   Compiling lru v0.18.4
   Compiling darling_macro v0.20.11
   Compiling winit v0.30.13
   Compiling bytemuck v1.25.2
   Compiling objc2-app-kit v0.2.2
   Compiling darling v0.20.11
   Compiling convert_case v0.10.0
   Compiling darling_macro v0.24.1
   Compiling zune-core v0.5.3
   Compiling color v0.3.3
   Compiling font-types v0.12.4
   Compiling darling v0.24.1
   Compiling filedescriptor v0.8.3
   Compiling emath v0.36.1
   Compiling read-fonts v0.41.0
   Compiling critical-section v1.2.0
   Compiling peniko v0.6.1
   Compiling kasuari v0.4.12
   Compiling strum v0.28.0
   Compiling vello_common v0.1.0
   Compiling pin-project-lite v0.2.17
   Compiling derive_builder_core v0.20.2
   Compiling virtue v0.0.18
   Compiling litrs v1.0.0
   Compiling indoc v2.0.7
   Compiling chrono-tz v0.10.4
   Compiling serde_json v1.0.151
   Compiling tracing-core v0.1.36
   Compiling raw-window-handle v0.6.2
   Compiling bincode_derive v2.0.1
   Compiling document-features v0.2.12
   Compiling derive_builder_macro v0.20.2
   Compiling ratatui-core v0.1.2
   Compiling tracing v0.1.44
   Compiling vello_cpu v0.1.0
   Compiling derive_builder v0.20.2
   Compiling strum v0.27.2
   Compiling ecolor v0.36.1
   Compiling objc2-app-kit v0.3.2
   Compiling zune-jpeg v0.5.15
   Compiling derive_more-impl v2.1.1
   Compiling core-graphics v0.23.2
   Compiling phf v0.12.1
   Compiling num_threads v0.1.7
   Compiling mio v1.2.3
   Compiling miniz_oxide v0.8.9
   Compiling fdeflate v0.3.7
   Compiling fax v0.2.7
   Compiling cursor-icon v1.2.0
   Compiling cfg_aliases v0.1.1
   Compiling self_cell v1.3.0
   Compiling quick-error v2.0.1
   Compiling epaint_default_fonts v0.36.1
   Compiling powerfmt v0.2.0
   Compiling smol_str v0.2.2
   Compiling nohash-hasher v0.2.0
   Compiling pxfm v0.1.30
   Compiling deranged v0.5.8
   Compiling weezl v0.1.12
   Compiling num-conv v0.2.2
   Compiling time-core v0.1.9
   Compiling dpi v0.1.2
   Compiling unty v0.0.4
   Compiling profiling v1.0.18
   Compiling bincode v2.0.1
   Compiling nix v0.28.0
   Compiling png v0.18.1
   Compiling signal-hook-mio v0.2.5
   Compiling croner v3.0.1
   Compiling half v2.7.1
   Compiling derive_more v2.1.1
   Compiling tiff v0.11.3
   Compiling vte v0.15.0
   Compiling time v0.3.55
   Compiling accesskit_consumer v0.38.0
   Compiling glutin v0.32.3
   Compiling itertools v0.15.0
   Compiling line-clipping v0.3.8
   Compiling getrandom v0.4.3
   Compiling base64 v0.22.1
   Compiling winnow v1.0.4
   Compiling byteorder-lite v0.1.0
   Compiling utf8parse v0.2.2
   Compiling accesskit_macos v0.26.3
   Compiling crossterm v0.29.0
   Compiling anstyle-parse v1.0.0
   Compiling ratatui-widgets v0.3.2
   Compiling toml_parser v1.1.3+spec-1.1.0
   Compiling vt100 v0.16.2
   Compiling harfrust v0.12.0
   Compiling skrifa v0.44.0
   Compiling moxcms v0.8.1
   Compiling serde_spanned v1.1.1
   Compiling toml_datetime v0.7.5+spec-1.1.0
   Compiling dispatch2 v0.3.1
   Compiling cgl v0.3.2
   Compiling glutin-winit v0.5.0
   Compiling libloading v0.8.9
   Compiling toml_writer v1.1.2+spec-1.1.0
   Compiling winnow v0.7.15
   Compiling option-ext v0.2.0
   Compiling colorchoice v1.0.5
   Compiling is_terminal_polyfill v1.70.2
   Compiling anstyle v1.0.14
   Compiling anstyle-query v1.1.5
   Compiling dirs-sys v0.5.0
   Compiling ratatui-crossterm v0.1.2
   Compiling accesskit_winit v0.32.2
   Compiling anstream v1.0.0
   Compiling ratatui-macros v0.7.2
   Compiling serial2 v0.2.38
   Compiling glow v0.17.0
   Compiling web-time v1.1.0
   Compiling clap_lex v1.1.0
   Compiling fastrand v2.5.0
   Compiling shell-words v1.1.1
   Compiling downcast-rs v1.2.1
   Compiling tempfile v3.27.0
   Compiling clap_builder v4.6.6
   Compiling ratatui v0.30.2
   Compiling directories v6.0.0
   Compiling portable-pty v0.9.0
   Compiling toml v0.9.12+spec-1.1.0
   Compiling clap_derive v4.6.4
   Compiling ovrcr-protocol v0.1.0 (/Users/xlyk/Code/ovrcr/.worktrees/issue-62-lifecycle-diagnosis/crates/ovrcr-protocol)
   Compiling epaint v0.36.1
   Compiling image v0.25.10
   Compiling clap v4.6.6
   Compiling egui v0.36.1
   Compiling arboard v3.6.1
   Compiling ovrcr-terminal v0.1.0 (/Users/xlyk/Code/ovrcr/.worktrees/issue-62-lifecycle-diagnosis/crates/ovrcr-terminal)
   Compiling ovrcr-runtime v0.1.0 (/Users/xlyk/Code/ovrcr/.worktrees/issue-62-lifecycle-diagnosis/crates/ovrcr-runtime)
   Compiling ovrcr-tui v0.1.0 (/Users/xlyk/Code/ovrcr/.worktrees/issue-62-lifecycle-diagnosis/crates/ovrcr-tui)
   Compiling egui_glow v0.36.1
   Compiling egui-winit v0.36.1
   Compiling eframe v0.36.1
   Compiling ovrcr v0.1.0 (/Users/xlyk/Code/ovrcr/.worktrees/issue-62-lifecycle-diagnosis)
    Finished `test` profile [unoptimized + debuginfo] target(s) in 18.61s
  Executable tests/server_lifecycle.rs (target/debug/deps/server_lifecycle-d94f0a974003d1a6)
build exit 0
