rtk proxy sh scripts/gui.sh
   Compiling libc v0.2.189
   Compiling strsim v0.11.1
   Compiling objc2-encode v4.1.0
   Compiling smallvec v1.16.0
   Compiling num-traits v0.2.19
   Compiling log v0.4.34
   Compiling once_cell v1.21.4
   Compiling objc2 v0.6.4
   Compiling objc-sys v0.3.5
   Compiling bytemuck_derive v1.12.0
   Compiling zerocopy v0.8.56
   Compiling cfg_aliases v0.2.2
   Compiling zerocopy-derive v0.8.56
   Compiling simd-adler32 v0.3.10
   Compiling polycool v0.4.0
   Compiling crc32fast v1.5.1
   Compiling adler2 v2.0.1
   Compiling version_check v0.9.5
   Compiling dispatch v0.2.0
   Compiling darling_core v0.20.11
   Compiling kurbo v0.13.1
   Compiling darling_core v0.24.1
   Compiling linebender_resource_handle v0.1.1
   Compiling uuid v1.26.0
   Compiling ahash v0.8.12
   Compiling miniz_oxide v0.9.1
   Compiling foreign-types-macros v0.2.4
   Compiling accesskit v0.24.1
   Compiling objc2 v0.5.2
   Compiling bytemuck v1.25.2
   Compiling fearless_simd v0.4.1
   Compiling bitflags v1.3.2
   Compiling unicode-general-category v1.1.0
   Compiling foreign-types-shared v0.3.1
   Compiling foreign-types v0.5.0
   Compiling block2 v0.5.1
   Compiling objc2-core-foundation v0.3.2
   Compiling euclid v0.22.14
   Compiling objc2-foundation v0.2.2
   Compiling block2 v0.6.2
   Compiling parking_lot_core v0.9.12
   Compiling errno v0.3.14
   Compiling color v0.3.3
   Compiling font-types v0.12.4
   Compiling core-foundation v0.9.4
   Compiling signal-hook-registry v1.4.8
   Compiling rustix v1.1.4
   Compiling parking_lot v0.12.5
   Compiling guillotiere v0.7.0
   Compiling signal-hook v0.3.18
   Compiling peniko v0.6.1
   Compiling darling_macro v0.20.11
   Compiling read-fonts v0.41.0
   Compiling core-graphics-types v0.1.3
   Compiling objc2-core-graphics v0.3.2
   Compiling objc2-foundation v0.3.2
   Compiling emath v0.36.1
   Compiling flate2 v1.1.10
   Compiling filedescriptor v0.8.3
   Compiling chrono v0.4.45
   Compiling darling v0.20.11
   Compiling winit v0.30.13
   Compiling darling_macro v0.24.1
   Compiling tracing-core v0.1.36
   Compiling find-msvc-tools v0.1.12
   Compiling vello_common v0.1.0
   Compiling darling v0.24.1
   Compiling derive_builder_core v0.20.2
   Compiling shlex v2.0.1
   Compiling zune-core v0.5.3
   Compiling raw-window-handle v0.6.2
   Compiling pin-project-lite v0.2.17
   Compiling tracing v0.1.44
   Compiling cc v1.4.5
   Compiling zune-jpeg v0.5.15
   Compiling ecolor v0.36.1
   Compiling instability v0.3.13
   Compiling core-graphics v0.23.2
   Compiling num_threads v0.1.7
   Compiling mio v1.2.3
   Compiling miniz_oxide v0.8.9
   Compiling derive_builder_macro v0.20.2
   Compiling fdeflate v0.3.7
   Compiling vello_cpu v0.1.0
   Compiling self_cell v1.3.0
   Compiling quick-error v2.0.1
   Compiling nohash-hasher v0.2.0
   Compiling derive_builder v0.20.2
   Compiling cursor-icon v1.2.0
   Compiling profiling v1.0.18
   Compiling cfg_aliases v0.1.1
   Compiling epaint_default_fonts v0.36.1
   Compiling pxfm v0.1.30
   Compiling fax v0.2.7
   Compiling vcpkg v0.2.15
   Compiling objc2-app-kit v0.2.2
   Compiling weezl v0.1.12
   Compiling pkg-config v0.3.34
   Compiling smol_str v0.2.2
   Compiling dpi v0.1.2
   Compiling croner v3.0.1
   Compiling time v0.3.55
   Compiling nix v0.28.0
   Compiling signal-hook-mio v0.2.5
   Compiling png v0.18.1
   Compiling chrono-tz v0.10.4
   Compiling libsqlite3-sys v0.38.2
   Compiling objc2-app-kit v0.3.2
   Compiling accesskit_consumer v0.38.0
   Compiling glutin v0.32.3
   Compiling itertools v0.15.0
   Compiling half v2.7.1
   Compiling utf8parse v0.2.2
   Compiling byteorder-lite v0.1.0
   Compiling tiff v0.11.3
   Compiling crossterm v0.29.0
   Compiling anstyle-parse v1.0.0
   Compiling ratatui-widgets v0.3.2
   Compiling getrandom v0.4.3
   Compiling moxcms v0.8.1
   Compiling cgl v0.3.2
   Compiling dispatch2 v0.3.1
   Compiling glutin-winit v0.5.0
   Compiling libloading v0.8.9
   Compiling option-ext v0.2.0
   Compiling colorchoice v1.0.5
   Compiling anstyle-query v1.1.5
   Compiling is_terminal_polyfill v1.70.2
   Compiling anstyle v1.0.14
   Compiling dirs-sys v0.5.0
   Compiling tempfile v3.27.0
   Compiling anstream v1.0.0
   Compiling accesskit_macos v0.26.3
   Compiling ratatui-crossterm v0.1.2
   Compiling serial2 v0.2.38
   Compiling hashlink v0.12.2
   Compiling fallible-streaming-iterator v0.1.9
   Compiling ratatui-macros v0.7.2
   Compiling skrifa v0.44.0
   Compiling harfrust v0.12.0
   Compiling glow v0.17.0
   Compiling downcast-rs v1.2.1
   Compiling shell-words v1.1.1
   Compiling web-time v1.1.0
   Compiling clap_lex v1.1.0
   Compiling fallible-iterator v0.3.0
   Compiling clap_builder v4.6.6
   Compiling portable-pty v0.9.0
   Compiling accesskit_winit v0.32.2
   Compiling ratatui v0.30.2
   Compiling directories v6.0.0
   Compiling clap_derive v4.6.4
   Compiling ovrcr-protocol v0.1.0 (/Users/xlyk/.superset/worktrees/ce516841-6a34-4a08-8d1f-cefa87725355/chartreuse-acai/crates/ovrcr-protocol)
   Compiling image v0.25.10
   Compiling rusqlite v0.40.2
   Compiling epaint v0.36.1
   Compiling clap v4.6.6
   Compiling arboard v3.6.1
   Compiling egui v0.36.1
   Compiling ovrcr-terminal v0.1.0 (/Users/xlyk/.superset/worktrees/ce516841-6a34-4a08-8d1f-cefa87725355/chartreuse-acai/crates/ovrcr-terminal)
   Compiling ovrcr-runtime v0.1.0 (/Users/xlyk/.superset/worktrees/ce516841-6a34-4a08-8d1f-cefa87725355/chartreuse-acai/crates/ovrcr-runtime)
   Compiling ovrcr-tui v0.1.0 (/Users/xlyk/.superset/worktrees/ce516841-6a34-4a08-8d1f-cefa87725355/chartreuse-acai/crates/ovrcr-tui)
   Compiling egui-winit v0.36.1
   Compiling egui_glow v0.36.1
   Compiling eframe v0.36.1
   Compiling ovrcr v0.1.0 (/Users/xlyk/.superset/worktrees/ce516841-6a34-4a08-8d1f-cefa87725355/chartreuse-acai)
    Finished `dev` profile [unoptimized + debuginfo] target(s) in 18.13s
[rtk] ./ovrcr-gui: process terminated by signal 6
error: recipe `gui` failed on line 58 with exit code 134
