   Compiling ovrcr-tui v0.1.0 (/Users/xlyk/Code/ovrcr/crates/ovrcr-tui)
   Compiling ovrcr v0.1.0 (/Users/xlyk/Code/ovrcr)
    Finished `test` profile [unoptimized + debuginfo] target(s) in 2.46s
     Running tests/server_lifecycle.rs (target/debug/deps/server_lifecycle-9cb885944ef19423)

running 6 tests
Initialized empty Git repository in /private/var/folders/j9/h6rlffxd1r794s9g9ps_52t40000gn/T/.tmpspR77M/repo/.git/
[main (root-commit) fe9ad43] initial
 1 file changed, 1 insertion(+)
 create mode 100644 README
test desktop_notifications_queued_completion_is_cancelled_when_its_pane_becomes_visible ... ok
Initialized empty Git repository in /private/var/folders/j9/h6rlffxd1r794s9g9ps_52t40000gn/T/.tmpq8yvho/repo/.git/
[main (root-commit) b669091] initial
 1 file changed, 1 insertion(+)
 create mode 100644 README
test desktop_notifications_missing_host_tool_preserves_response_and_dashboard_controls ... ok
Initialized empty Git repository in /private/var/folders/j9/h6rlffxd1r794s9g9ps_52t40000gn/T/.tmpoTRyWU/repo/.git/
[main (root-commit) 90d6645] initial
 1 file changed, 1 insertion(+)
 create mode 100644 README
test desktop_notifications_default_off_and_disabled_events_do_not_replay_on_enable ... ok
Initialized empty Git repository in /private/var/folders/j9/h6rlffxd1r794s9g9ps_52t40000gn/T/.tmpczdRbE/repo/.git/
[main (root-commit) fce5c34] initial
 1 file changed, 1 insertion(+)
 create mode 100644 README
test ready_sound_is_independent_of_desktop_notifications_on_the_managed_path ... ok
Initialized empty Git repository in /private/var/folders/j9/h6rlffxd1r794s9g9ps_52t40000gn/T/.tmpJgGqrg/repo/.git/
[main (root-commit) e3d9b18] initial
 1 file changed, 1 insertion(+)
 create mode 100644 README
test desktop_notifications_host_failure_and_blocking_never_block_input_or_detach ... ok
Initialized empty Git repository in /private/var/folders/j9/h6rlffxd1r794s9g9ps_52t40000gn/T/.tmpEaFn3J/repo/.git/
[main (root-commit) 76f73b1] initial
 1 file changed, 1 insertion(+)
 create mode 100644 README
test desktop_notifications_managed_completion_reaches_host_once_and_respects_visibility ... ok

test result: ok. 6 passed; 0 failed; 0 ignored; 0 measured; 84 filtered out; finished in 11.95s

